Archive member included because of file (symbol)

/tools/altera/12.0/nios2eds/bin/gnu/H-i686-pc-linux-gnu/bin/../lib/gcc/nios2-elf/4.1.2/mno-hw-mul/libgcc.a(lib2-divmod.o)
                              obj/default/exercise3.o (__divsi3)
../exercise3_bsp//libhal_bsp.a(alt_irq_register.o)
                              obj/default/exercise3.o (alt_irq_register)
../exercise3_bsp//libhal_bsp.a(alt_irq_vars.o)
                              ../exercise3_bsp//libhal_bsp.a(alt_irq_register.o) (alt_irq_active)
../exercise3_bsp//libhal_bsp.a(alt_load.o)
                              ../exercise3_bsp//obj/HAL/src/crt0.o (alt_load)
../exercise3_bsp//libhal_bsp.a(alt_main.o)
                              ../exercise3_bsp//obj/HAL/src/crt0.o (alt_main)
../exercise3_bsp//libhal_bsp.a(alt_putstr.o)
                              obj/default/exercise3.o (alt_putstr)
../exercise3_bsp//libhal_bsp.a(alt_usleep.o)
                              obj/default/exercise3.o (usleep)
../exercise3_bsp//libhal_bsp.a(alt_sys_init.o)
                              ../exercise3_bsp//libhal_bsp.a(alt_main.o) (alt_sys_init)
../exercise3_bsp//libhal_bsp.a(altera_avalon_jtag_uart_write.o)
                              ../exercise3_bsp//libhal_bsp.a(alt_putstr.o) (altera_avalon_jtag_uart_write)
../exercise3_bsp//libhal_bsp.a(altera_up_avalon_character_lcd.o)
                              ../exercise3_bsp//libhal_bsp.a(alt_sys_init.o) (alt_up_character_lcd_write_fd)
../exercise3_bsp//libhal_bsp.a(alt_busy_sleep.o)
                              ../exercise3_bsp//libhal_bsp.a(alt_usleep.o) (alt_busy_sleep)
../exercise3_bsp//libhal_bsp.a(alt_dcache_flush_all.o)
                              ../exercise3_bsp//libhal_bsp.a(alt_load.o) (alt_dcache_flush_all)
../exercise3_bsp//libhal_bsp.a(alt_dev.o)
                              ../exercise3_bsp//libhal_bsp.a(alt_sys_init.o) (alt_dev_list)
../exercise3_bsp//libhal_bsp.a(alt_dev_llist_insert.o)
                              ../exercise3_bsp//libhal_bsp.a(alt_sys_init.o) (alt_dev_llist_insert)
../exercise3_bsp//libhal_bsp.a(alt_errno.o)
                              ../exercise3_bsp//libhal_bsp.a(alt_dev_llist_insert.o) (alt_errno)
../exercise3_bsp//libhal_bsp.a(alt_find_dev.o)
                              ../exercise3_bsp//libhal_bsp.a(altera_up_avalon_character_lcd.o) (alt_find_dev)
../exercise3_bsp//libhal_bsp.a(alt_icache_flush_all.o)
                              ../exercise3_bsp//libhal_bsp.a(alt_load.o) (alt_icache_flush_all)
../exercise3_bsp//libhal_bsp.a(alt_irq_entry.o)
                              ../exercise3_bsp//libhal_bsp.a(alt_irq_register.o) (alt_irq_entry)
../exercise3_bsp//libhal_bsp.a(alt_irq_handler.o)
                              ../exercise3_bsp//libhal_bsp.a(alt_irq_register.o) (alt_irq_handler)
../exercise3_bsp//libhal_bsp.a(altera_nios2_qsys_irq.o)
                              ../exercise3_bsp//libhal_bsp.a(alt_sys_init.o) (altera_nios2_qsys_irq_init)
../exercise3_bsp//libhal_bsp.a(alt_exception_entry.o)
                              ../exercise3_bsp//libhal_bsp.a(alt_irq_entry.o) (alt_exception)
/tools/altera/12.0/nios2eds/bin/gnu/H-i686-pc-linux-gnu/bin/../lib/gcc/nios2-elf/4.1.2/../../../../nios2-elf/lib/mno-hw-mul/libsmallc.a(lib_a-int_errno.o)
                              ../exercise3_bsp//libhal_bsp.a(alt_dev_llist_insert.o) (errno)
/tools/altera/12.0/nios2eds/bin/gnu/H-i686-pc-linux-gnu/bin/../lib/gcc/nios2-elf/4.1.2/../../../../nios2-elf/lib/mno-hw-mul/libsmallc.a(lib_a-memcmp.o)
                              ../exercise3_bsp//libhal_bsp.a(alt_find_dev.o) (memcmp)
/tools/altera/12.0/nios2eds/bin/gnu/H-i686-pc-linux-gnu/bin/../lib/gcc/nios2-elf/4.1.2/../../../../nios2-elf/lib/mno-hw-mul/libsmallc.a(lib_a-strlen.o)
                              ../exercise3_bsp//libhal_bsp.a(alt_putstr.o) (strlen)
/tools/altera/12.0/nios2eds/bin/gnu/H-i686-pc-linux-gnu/bin/../lib/gcc/nios2-elf/4.1.2/mno-hw-mul/libgcc.a(lib2-mul.o)
                              ../exercise3_bsp//libhal_bsp.a(alt_busy_sleep.o) (__mulsi3)

Allocating common symbols
Common symbol       size              file

alt_irq             0x100             ../exercise3_bsp//libhal_bsp.a(alt_irq_handler.o)
errno               0x4               /tools/altera/12.0/nios2eds/bin/gnu/H-i686-pc-linux-gnu/bin/../lib/gcc/nios2-elf/4.1.2/../../../../nios2-elf/lib/mno-hw-mul/libsmallc.a(lib_a-int_errno.o)

Memory Configuration

Name             Origin             Length             Attributes
reset            0x00004000         0x00000020
onchip_memory2_0 0x00004020         0x00003fe0
*default*        0x00000000         0xffffffff

Linker script and memory map

LOAD ../exercise3_bsp//obj/HAL/src/crt0.o
                0x0000400c                exit = _exit
LOAD obj/default/exercise3.o
LOAD /tools/altera/12.0/nios2eds/bin/gnu/H-i686-pc-linux-gnu/bin/../lib/gcc/nios2-elf/4.1.2/../../../../nios2-elf/lib/mno-hw-mul/libstdc++.a
LOAD /tools/altera/12.0/nios2eds/bin/gnu/H-i686-pc-linux-gnu/bin/../lib/gcc/nios2-elf/4.1.2/../../../../nios2-elf/lib/mno-hw-mul/libm.a
LOAD /tools/altera/12.0/nios2eds/bin/gnu/H-i686-pc-linux-gnu/bin/../lib/gcc/nios2-elf/4.1.2/mno-hw-mul/libgcc.a
START GROUP
LOAD /tools/altera/12.0/nios2eds/bin/gnu/H-i686-pc-linux-gnu/bin/../lib/gcc/nios2-elf/4.1.2/../../../../nios2-elf/lib/mno-hw-mul/libsmallc.a
LOAD /tools/altera/12.0/nios2eds/bin/gnu/H-i686-pc-linux-gnu/bin/../lib/gcc/nios2-elf/4.1.2/mno-hw-mul/libgcc.a
LOAD ../exercise3_bsp//libhal_bsp.a
END GROUP
LOAD /tools/altera/12.0/nios2eds/bin/gnu/H-i686-pc-linux-gnu/bin/../lib/gcc/nios2-elf/4.1.2/mno-hw-mul/libgcc.a
                0x00004000                __alt_mem_onchip_memory2_0 = 0x4000

.entry          0x00004000       0x20
 *(.entry)
 .entry         0x00004000       0x20 ../exercise3_bsp//obj/HAL/src/crt0.o
                0x00004000                __reset
                0x0000400c                _exit

.exceptions     0x00004020      0x120
                0x00004020                PROVIDE (__ram_exceptions_start, ABSOLUTE (.))
                0x00004020                . = ALIGN (0x20)
 *(.irq)
 *(.exceptions.entry.label)
 .exceptions.entry.label
                0x00004020        0x0 ../exercise3_bsp//libhal_bsp.a(alt_irq_entry.o)
                0x00004020                alt_irq_entry
 .exceptions.entry.label
                0x00004020        0x0 ../exercise3_bsp//libhal_bsp.a(alt_exception_entry.o)
                0x00004020                alt_exception
 *(.exceptions.entry.user)
 *(.exceptions.entry)
 .exceptions.entry
                0x00004020       0x54 ../exercise3_bsp//libhal_bsp.a(alt_exception_entry.o)
 *(.exceptions.irqtest.user)
 *(.exceptions.irqtest)
 .exceptions.irqtest
                0x00004074       0x10 ../exercise3_bsp//libhal_bsp.a(alt_irq_entry.o)
 *(.exceptions.irqhandler.user)
 *(.exceptions.irqhandler)
 .exceptions.irqhandler
                0x00004084        0x4 ../exercise3_bsp//libhal_bsp.a(alt_irq_entry.o)
 *(.exceptions.irqreturn.user)
 *(.exceptions.irqreturn)
 .exceptions.irqreturn
                0x00004088        0x4 ../exercise3_bsp//libhal_bsp.a(alt_irq_entry.o)
 *(.exceptions.notirq.label)
 .exceptions.notirq.label
                0x0000408c        0x0 ../exercise3_bsp//libhal_bsp.a(alt_irq_entry.o)
 *(.exceptions.notirq.user)
 *(.exceptions.notirq)
 .exceptions.notirq
                0x0000408c        0x8 ../exercise3_bsp//libhal_bsp.a(alt_exception_entry.o)
 *(.exceptions.soft.user)
 *(.exceptions.soft)
 *(.exceptions.unknown.user)
 *(.exceptions.unknown)
 .exceptions.unknown
                0x00004094        0x4 ../exercise3_bsp//libhal_bsp.a(alt_exception_entry.o)
 *(.exceptions.exit.label)
 .exceptions.exit.label
                0x00004098        0x0 ../exercise3_bsp//libhal_bsp.a(alt_irq_entry.o)
 .exceptions.exit.label
                0x00004098        0x0 ../exercise3_bsp//libhal_bsp.a(alt_exception_entry.o)
 *(.exceptions.exit.user)
 *(.exceptions.exit)
 .exceptions.exit
                0x00004098       0x54 ../exercise3_bsp//libhal_bsp.a(alt_exception_entry.o)
 *(.exceptions)
 .exceptions    0x000040ec       0x54 ../exercise3_bsp//libhal_bsp.a(alt_irq_handler.o)
                0x000040ec                alt_irq_handler
                0x00004140                PROVIDE (__ram_exceptions_end, ABSOLUTE (.))
                0x00004020                PROVIDE (__flash_exceptions_start, LOADADDR (.exceptions))

.text           0x00004140      0xf58
                0x00004140                PROVIDE (stext, ABSOLUTE (.))
 *(.interp)
 *(.hash)
 *(.dynsym)
 *(.dynstr)
 *(.gnu.version)
 *(.gnu.version_d)
 *(.gnu.version_r)
 *(.rel.init)
 *(.rela.init)
 *(.rel.text .rel.text.* .rel.gnu.linkonce.t.*)
 *(.rela.text .rela.text.* .rela.gnu.linkonce.t.*)
 *(.rel.fini)
 *(.rela.fini)
 *(.rel.rodata .rel.rodata.* .rel.gnu.linkonce.r.*)
 *(.rela.rodata .rela.rodata.* .rela.gnu.linkonce.r.*)
 *(.rel.data .rel.data.* .rel.gnu.linkonce.d.*)
 *(.rela.data .rela.data.* .rela.gnu.linkonce.d.*)
 *(.rel.tdata .rel.tdata.* .rel.gnu.linkonce.td.*)
 *(.rela.tdata .rela.tdata.* .rela.gnu.linkonce.td.*)
 *(.rel.tbss .rel.tbss.* .rel.gnu.linkonce.tb.*)
 *(.rela.tbss .rela.tbss.* .rela.gnu.linkonce.tb.*)
 *(.rel.ctors)
 *(.rela.ctors)
 *(.rel.dtors)
 *(.rela.dtors)
 *(.rel.got)
 *(.rela.got)
 *(.rel.sdata .rel.sdata.* .rel.gnu.linkonce.s.*)
 *(.rela.sdata .rela.sdata.* .rela.gnu.linkonce.s.*)
 *(.rel.sbss .rel.sbss.* .rel.gnu.linkonce.sb.*)
 *(.rela.sbss .rela.sbss.* .rela.gnu.linkonce.sb.*)
 *(.rel.sdata2 .rel.sdata2.* .rel.gnu.linkonce.s2.*)
 *(.rela.sdata2 .rela.sdata2.* .rela.gnu.linkonce.s2.*)
 *(.rel.sbss2 .rel.sbss2.* .rel.gnu.linkonce.sb2.*)
 *(.rela.sbss2 .rela.sbss2.* .rela.gnu.linkonce.sb2.*)
 *(.rel.bss .rel.bss.* .rel.gnu.linkonce.b.*)
 *(.rela.bss .rela.bss.* .rela.gnu.linkonce.b.*)
 *(.rel.plt)
 *(.rela.plt)
 *(.rel.dyn)
 *(.init)
 *(.plt)
 *(.text .stub .text.* .gnu.linkonce.t.*)
 .text          0x00004140       0x3c ../exercise3_bsp//obj/HAL/src/crt0.o
                0x00004140                _start
 .text          0x0000417c      0x748 obj/default/exercise3.o
                0x0000417c                disp_seven_seg
                0x0000426c                SW_GRPA_interrupt
                0x000042dc                purchase
                0x0000456c                main
                0x000045f4                SW_GRPB_interrupt
 .text          0x000048c4      0x14c /tools/altera/12.0/nios2eds/bin/gnu/H-i686-pc-linux-gnu/bin/../lib/gcc/nios2-elf/4.1.2/mno-hw-mul/libgcc.a(lib2-divmod.o)
                0x00004940                __divsi3
                0x000049a0                __modsi3
                0x00004a00                __udivsi3
                0x00004a08                __umodsi3
 .text          0x00004a10       0xa0 ../exercise3_bsp//libhal_bsp.a(alt_irq_register.o)
                0x00004a10                alt_irq_register
 .text          0x00004ab0        0x0 ../exercise3_bsp//libhal_bsp.a(alt_irq_vars.o)
 .text          0x00004ab0       0x8c ../exercise3_bsp//libhal_bsp.a(alt_load.o)
                0x00004ad0                alt_load
 .text          0x00004b3c       0x2c ../exercise3_bsp//libhal_bsp.a(alt_main.o)
                0x00004b3c                alt_main
 .text          0x00004b68       0x38 ../exercise3_bsp//libhal_bsp.a(alt_putstr.o)
                0x00004b68                alt_putstr
 .text          0x00004ba0        0x4 ../exercise3_bsp//libhal_bsp.a(alt_usleep.o)
                0x00004ba0                usleep
 .text          0x00004ba4       0x58 ../exercise3_bsp//libhal_bsp.a(alt_sys_init.o)
                0x00004ba4                alt_sys_init
                0x00004bdc                alt_irq_init
 .text          0x00004bfc       0x34 ../exercise3_bsp//libhal_bsp.a(altera_avalon_jtag_uart_write.o)
                0x00004bfc                altera_avalon_jtag_uart_write
 .text          0x00004c30      0x250 ../exercise3_bsp//libhal_bsp.a(altera_up_avalon_character_lcd.o)
                0x00004c30                get_DDRAM_addr
                0x00004c48                alt_up_character_lcd_string
                0x00004c64                alt_up_character_lcd_write
                0x00004c88                alt_up_character_lcd_write_fd
                0x00004ca8                alt_up_character_lcd_init
                0x00004cb8                alt_up_character_lcd_send_cmd
                0x00004cc8                alt_up_character_lcd_cursor_blink_on
                0x00004cd0                alt_up_character_lcd_cursor_off
                0x00004cd8                alt_up_character_lcd_erase_pos
                0x00004d3c                alt_up_character_lcd_shift_display
                0x00004dac                alt_up_character_lcd_shift_cursor
                0x00004e1c                alt_up_character_lcd_set_cursor_pos
                0x00004e74                alt_up_character_lcd_open_dev
 .text          0x00004e80       0x8c ../exercise3_bsp//libhal_bsp.a(alt_busy_sleep.o)
                0x00004e80                alt_busy_sleep
 .text          0x00004f0c        0x4 ../exercise3_bsp//libhal_bsp.a(alt_dcache_flush_all.o)
                0x00004f0c                alt_dcache_flush_all
 .text          0x00004f10        0x8 ../exercise3_bsp//libhal_bsp.a(alt_dev.o)
 .text          0x00004f18       0x70 ../exercise3_bsp//libhal_bsp.a(alt_dev_llist_insert.o)
                0x00004f18                alt_dev_llist_insert
 .text          0x00004f88        0x0 ../exercise3_bsp//libhal_bsp.a(alt_errno.o)
 .text          0x00004f88       0x70 ../exercise3_bsp//libhal_bsp.a(alt_find_dev.o)
                0x00004f88                alt_find_dev
 .text          0x00004ff8        0x4 ../exercise3_bsp//libhal_bsp.a(alt_icache_flush_all.o)
                0x00004ff8                alt_icache_flush_all
 .text          0x00004ffc        0x0 ../exercise3_bsp//libhal_bsp.a(alt_irq_entry.o)
 .text          0x00004ffc        0x0 ../exercise3_bsp//libhal_bsp.a(alt_irq_handler.o)
 .text          0x00004ffc        0x8 ../exercise3_bsp//libhal_bsp.a(altera_nios2_qsys_irq.o)
                0x00004ffc                altera_nios2_qsys_irq_init
 .text          0x00005004        0x0 ../exercise3_bsp//libhal_bsp.a(alt_exception_entry.o)
 .text          0x00005004        0x0 /tools/altera/12.0/nios2eds/bin/gnu/H-i686-pc-linux-gnu/bin/../lib/gcc/nios2-elf/4.1.2/../../../../nios2-elf/lib/mno-hw-mul/libsmallc.a(lib_a-int_errno.o)
 .text          0x00005004       0x3c /tools/altera/12.0/nios2eds/bin/gnu/H-i686-pc-linux-gnu/bin/../lib/gcc/nios2-elf/4.1.2/../../../../nios2-elf/lib/mno-hw-mul/libsmallc.a(lib_a-memcmp.o)
                0x00005004                memcmp
 .text          0x00005040       0x20 /tools/altera/12.0/nios2eds/bin/gnu/H-i686-pc-linux-gnu/bin/../lib/gcc/nios2-elf/4.1.2/../../../../nios2-elf/lib/mno-hw-mul/libsmallc.a(lib_a-strlen.o)
                0x00005040                strlen
 .text          0x00005060       0x38 /tools/altera/12.0/nios2eds/bin/gnu/H-i686-pc-linux-gnu/bin/../lib/gcc/nios2-elf/4.1.2/mno-hw-mul/libgcc.a(lib2-mul.o)
                0x00005060                __mulsi3
 *(.gnu.warning.*)
 *(.fini)
                0x00005098                PROVIDE (__etext, ABSOLUTE (.))
                0x00005098                PROVIDE (_etext, ABSOLUTE (.))
                0x00005098                PROVIDE (etext, ABSOLUTE (.))
 *(.eh_frame_hdr)
                0x00005098                . = ALIGN (0x4)
                0x00005098                PROVIDE (__preinit_array_start, ABSOLUTE (.))
 *(.preinit_array)
                0x00005098                PROVIDE (__preinit_array_end, ABSOLUTE (.))
                0x00005098                PROVIDE (__init_array_start, ABSOLUTE (.))
 *(.init_array)
                0x00005098                PROVIDE (__init_array_end, ABSOLUTE (.))
                0x00005098                PROVIDE (__fini_array_start, ABSOLUTE (.))
 *(.fini_array)
                0x00005098                PROVIDE (__fini_array_end, ABSOLUTE (.))
 *(.eh_frame)
 *(.gcc_except_table)
 *(.dynamic)
                0x00005098                PROVIDE (__CTOR_LIST__, ABSOLUTE (.))
 *(.ctors)
 *(SORT(.ctors.*))
                0x00005098                PROVIDE (__CTOR_END__, ABSOLUTE (.))
                0x00005098                PROVIDE (__DTOR_LIST__, ABSOLUTE (.))
 *(.dtors)
 *(SORT(.dtors.*))
                0x00005098                PROVIDE (__DTOR_END__, ABSOLUTE (.))
 *(.jcr)
                0x00005098                . = ALIGN (0x4)

.rodata         0x00005098       0x3c
                0x00005098                PROVIDE (__ram_rodata_start, ABSOLUTE (.))
                0x00005098                . = ALIGN (0x4)
 *(.rodata .rodata.* .gnu.linkonce.r.*)
 .rodata.str1.4
                0x00005098       0x18 obj/default/exercise3.o
 .rodata.str1.4
                0x000050b0       0x15 ../exercise3_bsp//libhal_bsp.a(alt_sys_init.o)
                                 0x18 (size before relaxing)
 *fill*         0x000050c5        0x3 00
 .rodata.str1.4
                0x000050c8        0xc ../exercise3_bsp//libhal_bsp.a(alt_dev.o)
 *(.rodata1)
                0x000050d4                . = ALIGN (0x4)
                0x000050d4                PROVIDE (__ram_rodata_end, ABSOLUTE (.))
                0x00005098                PROVIDE (__flash_rodata_start, LOADADDR (.rodata))

.rwdata         0x000050d4       0xa4 load address 0x00005178
                0x000050d4                PROVIDE (__ram_rwdata_start, ABSOLUTE (.))
                0x000050d4                . = ALIGN (0x4)
 *(.got.plt)
 *(.got)
 *(.data1)
 *(.data .data.* .gnu.linkonce.d.*)
 .data          0x000050d4        0x0 ../exercise3_bsp//obj/HAL/src/crt0.o
 .data          0x000050d4        0x0 obj/default/exercise3.o
 .data          0x000050d4        0x0 /tools/altera/12.0/nios2eds/bin/gnu/H-i686-pc-linux-gnu/bin/../lib/gcc/nios2-elf/4.1.2/mno-hw-mul/libgcc.a(lib2-divmod.o)
 .data          0x000050d4        0x0 ../exercise3_bsp//libhal_bsp.a(alt_irq_register.o)
 .data          0x000050d4        0x0 ../exercise3_bsp//libhal_bsp.a(alt_irq_vars.o)
 .data          0x000050d4        0x0 ../exercise3_bsp//libhal_bsp.a(alt_load.o)
 .data          0x000050d4        0x0 ../exercise3_bsp//libhal_bsp.a(alt_main.o)
 .data          0x000050d4        0x0 ../exercise3_bsp//libhal_bsp.a(alt_putstr.o)
 .data          0x000050d4        0x0 ../exercise3_bsp//libhal_bsp.a(alt_usleep.o)
 .data          0x000050d4       0x2c ../exercise3_bsp//libhal_bsp.a(alt_sys_init.o)
 .data          0x00005100        0x0 ../exercise3_bsp//libhal_bsp.a(altera_avalon_jtag_uart_write.o)
 .data          0x00005100        0x0 ../exercise3_bsp//libhal_bsp.a(altera_up_avalon_character_lcd.o)
 .data          0x00005100        0x0 ../exercise3_bsp//libhal_bsp.a(alt_busy_sleep.o)
 .data          0x00005100        0x0 ../exercise3_bsp//libhal_bsp.a(alt_dcache_flush_all.o)
 .data          0x00005100       0x58 ../exercise3_bsp//libhal_bsp.a(alt_dev.o)
                0x00005100                alt_dev_null
                0x00005128                alt_fd_list
 .data          0x00005158        0x0 ../exercise3_bsp//libhal_bsp.a(alt_dev_llist_insert.o)
 .data          0x00005158        0x0 ../exercise3_bsp//libhal_bsp.a(alt_errno.o)
 .data          0x00005158        0x0 ../exercise3_bsp//libhal_bsp.a(alt_find_dev.o)
 .data          0x00005158        0x0 ../exercise3_bsp//libhal_bsp.a(alt_icache_flush_all.o)
 .data          0x00005158        0x0 ../exercise3_bsp//libhal_bsp.a(alt_irq_entry.o)
 .data          0x00005158        0x0 ../exercise3_bsp//libhal_bsp.a(alt_irq_handler.o)
 .data          0x00005158        0x0 ../exercise3_bsp//libhal_bsp.a(altera_nios2_qsys_irq.o)
 .data          0x00005158        0x0 ../exercise3_bsp//libhal_bsp.a(alt_exception_entry.o)
 .data          0x00005158        0x0 /tools/altera/12.0/nios2eds/bin/gnu/H-i686-pc-linux-gnu/bin/../lib/gcc/nios2-elf/4.1.2/../../../../nios2-elf/lib/mno-hw-mul/libsmallc.a(lib_a-int_errno.o)
 .data          0x00005158        0x0 /tools/altera/12.0/nios2eds/bin/gnu/H-i686-pc-linux-gnu/bin/../lib/gcc/nios2-elf/4.1.2/../../../../nios2-elf/lib/mno-hw-mul/libsmallc.a(lib_a-memcmp.o)
 .data          0x00005158        0x0 /tools/altera/12.0/nios2eds/bin/gnu/H-i686-pc-linux-gnu/bin/../lib/gcc/nios2-elf/4.1.2/../../../../nios2-elf/lib/mno-hw-mul/libsmallc.a(lib_a-strlen.o)
 .data          0x00005158        0x0 /tools/altera/12.0/nios2eds/bin/gnu/H-i686-pc-linux-gnu/bin/../lib/gcc/nios2-elf/4.1.2/mno-hw-mul/libgcc.a(lib2-mul.o)
                0x0000d158                _gp = ABSOLUTE ((. + 0x8000))
                0x0000d158                PROVIDE (gp, _gp)
 *(.rwdata .rwdata.*)
 *(.sdata .sdata.* .gnu.linkonce.s.*)
 .sdata         0x00005158        0x4 ../exercise3_bsp//libhal_bsp.a(alt_irq_vars.o)
                0x00005158                alt_priority_mask
 .sdata         0x0000515c        0x4 ../exercise3_bsp//libhal_bsp.a(alt_sys_init.o)
                0x0000515c                jtag_uart_0
 .sdata         0x00005160       0x14 ../exercise3_bsp//libhal_bsp.a(alt_dev.o)
                0x00005160                alt_fs_list
                0x00005168                alt_dev_list
                0x00005170                alt_max_fd
 .sdata         0x00005174        0x4 ../exercise3_bsp//libhal_bsp.a(alt_errno.o)
                0x00005174                alt_errno
 *(.sdata2 .sdata2.* .gnu.linkonce.s2.*)
                0x00005178                . = ALIGN (0x4)
                0x00005178                _edata = ABSOLUTE (.)
                0x00005178                PROVIDE (edata, ABSOLUTE (.))
                0x00005178                PROVIDE (__ram_rwdata_end, ABSOLUTE (.))
                0x00005178                PROVIDE (__flash_rwdata_start, LOADADDR (.rwdata))

.bss            0x0000521c      0x114
                0x0000521c                __bss_start = ABSOLUTE (.)
                0x0000521c                PROVIDE (__sbss_start, ABSOLUTE (.))
                0x0000521c                PROVIDE (___sbss_start, ABSOLUTE (.))
 *(.dynsbss)
 *(.sbss .sbss.* .gnu.linkonce.sb.*)
 .sbss          0x0000521c        0x4 ../exercise3_bsp//libhal_bsp.a(alt_irq_vars.o)
                0x0000521c                alt_irq_active
 .sbss          0x00005220        0xc ../exercise3_bsp//libhal_bsp.a(alt_main.o)
                0x00005220                alt_argc
                0x00005224                alt_argv
                0x00005228                alt_envp
 .sbss          0x0000522c        0x4 /tools/altera/12.0/nios2eds/bin/gnu/H-i686-pc-linux-gnu/bin/../lib/gcc/nios2-elf/4.1.2/../../../../nios2-elf/lib/mno-hw-mul/libsmallc.a(lib_a-int_errno.o)
                0x0000522c                errno
 *(.sbss2 .sbss2.* .gnu.linkonce.sb2.*)
 *(.scommon)
                0x00005230                PROVIDE (__sbss_end, ABSOLUTE (.))
                0x00005230                PROVIDE (___sbss_end, ABSOLUTE (.))
 *(.dynbss)
 *(.bss .bss.* .gnu.linkonce.b.*)
 .bss           0x00005230        0x0 ../exercise3_bsp//obj/HAL/src/crt0.o
 .bss           0x00005230        0x0 obj/default/exercise3.o
 .bss           0x00005230        0x0 /tools/altera/12.0/nios2eds/bin/gnu/H-i686-pc-linux-gnu/bin/../lib/gcc/nios2-elf/4.1.2/mno-hw-mul/libgcc.a(lib2-divmod.o)
 .bss           0x00005230        0x0 ../exercise3_bsp//libhal_bsp.a(alt_irq_register.o)
 .bss           0x00005230        0x0 ../exercise3_bsp//libhal_bsp.a(alt_irq_vars.o)
 .bss           0x00005230        0x0 ../exercise3_bsp//libhal_bsp.a(alt_load.o)
 .bss           0x00005230        0x0 ../exercise3_bsp//libhal_bsp.a(alt_main.o)
 .bss           0x00005230        0x0 ../exercise3_bsp//libhal_bsp.a(alt_putstr.o)
 .bss           0x00005230        0x0 ../exercise3_bsp//libhal_bsp.a(alt_usleep.o)
 .bss           0x00005230        0x0 ../exercise3_bsp//libhal_bsp.a(alt_sys_init.o)
 .bss           0x00005230        0x0 ../exercise3_bsp//libhal_bsp.a(altera_avalon_jtag_uart_write.o)
 .bss           0x00005230        0x0 ../exercise3_bsp//libhal_bsp.a(altera_up_avalon_character_lcd.o)
 .bss           0x00005230        0x0 ../exercise3_bsp//libhal_bsp.a(alt_busy_sleep.o)
 .bss           0x00005230        0x0 ../exercise3_bsp//libhal_bsp.a(alt_dcache_flush_all.o)
 .bss           0x00005230        0x0 ../exercise3_bsp//libhal_bsp.a(alt_dev.o)
 .bss           0x00005230        0x0 ../exercise3_bsp//libhal_bsp.a(alt_dev_llist_insert.o)
 .bss           0x00005230        0x0 ../exercise3_bsp//libhal_bsp.a(alt_errno.o)
 .bss           0x00005230        0x0 ../exercise3_bsp//libhal_bsp.a(alt_find_dev.o)
 .bss           0x00005230        0x0 ../exercise3_bsp//libhal_bsp.a(alt_icache_flush_all.o)
 .bss           0x00005230        0x0 ../exercise3_bsp//libhal_bsp.a(alt_irq_entry.o)
 .bss           0x00005230        0x0 ../exercise3_bsp//libhal_bsp.a(alt_irq_handler.o)
 .bss           0x00005230        0x0 ../exercise3_bsp//libhal_bsp.a(altera_nios2_qsys_irq.o)
 .bss           0x00005230        0x0 ../exercise3_bsp//libhal_bsp.a(alt_exception_entry.o)
 .bss           0x00005230        0x0 /tools/altera/12.0/nios2eds/bin/gnu/H-i686-pc-linux-gnu/bin/../lib/gcc/nios2-elf/4.1.2/../../../../nios2-elf/lib/mno-hw-mul/libsmallc.a(lib_a-int_errno.o)
 .bss           0x00005230        0x0 /tools/altera/12.0/nios2eds/bin/gnu/H-i686-pc-linux-gnu/bin/../lib/gcc/nios2-elf/4.1.2/../../../../nios2-elf/lib/mno-hw-mul/libsmallc.a(lib_a-memcmp.o)
 .bss           0x00005230        0x0 /tools/altera/12.0/nios2eds/bin/gnu/H-i686-pc-linux-gnu/bin/../lib/gcc/nios2-elf/4.1.2/../../../../nios2-elf/lib/mno-hw-mul/libsmallc.a(lib_a-strlen.o)
 .bss           0x00005230        0x0 /tools/altera/12.0/nios2eds/bin/gnu/H-i686-pc-linux-gnu/bin/../lib/gcc/nios2-elf/4.1.2/mno-hw-mul/libgcc.a(lib2-mul.o)
 *(COMMON)
 COMMON         0x00005230      0x100 ../exercise3_bsp//libhal_bsp.a(alt_irq_handler.o)
                0x00005230                alt_irq
                0x00005330                . = ALIGN (0x4)
                0x00005330                __bss_end = ABSOLUTE (.)

.onchip_memory2_0
                0x00005330        0x0
                0x00005330                PROVIDE (_alt_partition_onchip_memory2_0_start, ABSOLUTE (.))
 *(.onchip_memory2_0. onchip_memory2_0.*)
                0x00005330                . = ALIGN (0x4)
                0x00005330                PROVIDE (_alt_partition_onchip_memory2_0_end, ABSOLUTE (.))
                0x00005330                _end = ABSOLUTE (.)
                0x00005330                end = ABSOLUTE (.)
                0x00005330                __alt_stack_base = ABSOLUTE (.)
                0x00005330                PROVIDE (_alt_partition_onchip_memory2_0_load_addr, LOADADDR (.onchip_memory2_0))

.stab
 *(.stab)

.stabstr
 *(.stabstr)

.stab.excl
 *(.stab.excl)

.stab.exclstr
 *(.stab.exclstr)

.stab.index
 *(.stab.index)

.stab.indexstr
 *(.stab.indexstr)

.comment        0x00000000       0x23
 *(.comment)
 .comment       0x00000000       0x23 obj/default/exercise3.o
                                 0x24 (size before relaxing)
 .comment       0x00000000       0x24 /tools/altera/12.0/nios2eds/bin/gnu/H-i686-pc-linux-gnu/bin/../lib/gcc/nios2-elf/4.1.2/mno-hw-mul/libgcc.a(lib2-divmod.o)
 .comment       0x00000000       0x24 ../exercise3_bsp//libhal_bsp.a(alt_irq_register.o)
 .comment       0x00000000       0x24 ../exercise3_bsp//libhal_bsp.a(alt_irq_vars.o)
 .comment       0x00000000       0x24 ../exercise3_bsp//libhal_bsp.a(alt_load.o)
 .comment       0x00000000       0x24 ../exercise3_bsp//libhal_bsp.a(alt_main.o)
 .comment       0x00000000       0x24 ../exercise3_bsp//libhal_bsp.a(alt_putstr.o)
 .comment       0x00000000       0x24 ../exercise3_bsp//libhal_bsp.a(alt_usleep.o)
 .comment       0x00000000       0x24 ../exercise3_bsp//libhal_bsp.a(alt_sys_init.o)
 .comment       0x00000000       0x24 ../exercise3_bsp//libhal_bsp.a(altera_avalon_jtag_uart_write.o)
 .comment       0x00000000       0x24 ../exercise3_bsp//libhal_bsp.a(altera_up_avalon_character_lcd.o)
 .comment       0x00000000       0x24 ../exercise3_bsp//libhal_bsp.a(alt_busy_sleep.o)
 .comment       0x00000000       0x24 ../exercise3_bsp//libhal_bsp.a(alt_dcache_flush_all.o)
 .comment       0x00000000       0x24 ../exercise3_bsp//libhal_bsp.a(alt_dev.o)
 .comment       0x00000000       0x24 ../exercise3_bsp//libhal_bsp.a(alt_dev_llist_insert.o)
 .comment       0x00000000       0x24 ../exercise3_bsp//libhal_bsp.a(alt_errno.o)
 .comment       0x00000000       0x24 ../exercise3_bsp//libhal_bsp.a(alt_find_dev.o)
 .comment       0x00000000       0x24 ../exercise3_bsp//libhal_bsp.a(alt_icache_flush_all.o)
 .comment       0x00000000       0x24 ../exercise3_bsp//libhal_bsp.a(alt_irq_handler.o)
 .comment       0x00000000       0x24 ../exercise3_bsp//libhal_bsp.a(altera_nios2_qsys_irq.o)
 .comment       0x00000000       0x24 /tools/altera/12.0/nios2eds/bin/gnu/H-i686-pc-linux-gnu/bin/../lib/gcc/nios2-elf/4.1.2/../../../../nios2-elf/lib/mno-hw-mul/libsmallc.a(lib_a-int_errno.o)
 .comment       0x00000000       0x24 /tools/altera/12.0/nios2eds/bin/gnu/H-i686-pc-linux-gnu/bin/../lib/gcc/nios2-elf/4.1.2/../../../../nios2-elf/lib/mno-hw-mul/libsmallc.a(lib_a-memcmp.o)
 .comment       0x00000000       0x24 /tools/altera/12.0/nios2eds/bin/gnu/H-i686-pc-linux-gnu/bin/../lib/gcc/nios2-elf/4.1.2/../../../../nios2-elf/lib/mno-hw-mul/libsmallc.a(lib_a-strlen.o)
 .comment       0x00000000       0x24 /tools/altera/12.0/nios2eds/bin/gnu/H-i686-pc-linux-gnu/bin/../lib/gcc/nios2-elf/4.1.2/mno-hw-mul/libgcc.a(lib2-mul.o)

.debug
 *(.debug)

.line
 *(.line)

.debug_srcinfo
 *(.debug_srcinfo)

.debug_sfnames
 *(.debug_sfnames)

.debug_aranges  0x00000000      0x338
 *(.debug_aranges)
 .debug_aranges
                0x00000000       0x28 ../exercise3_bsp//obj/HAL/src/crt0.o
 .debug_aranges
                0x00000028       0x20 obj/default/exercise3.o
 .debug_aranges
                0x00000048       0x20 /tools/altera/12.0/nios2eds/bin/gnu/H-i686-pc-linux-gnu/bin/../lib/gcc/nios2-elf/4.1.2/mno-hw-mul/libgcc.a(lib2-divmod.o)
 .debug_aranges
                0x00000068       0x20 ../exercise3_bsp//libhal_bsp.a(alt_irq_register.o)
 .debug_aranges
                0x00000088       0x20 ../exercise3_bsp//libhal_bsp.a(alt_load.o)
 .debug_aranges
                0x000000a8       0x20 ../exercise3_bsp//libhal_bsp.a(alt_main.o)
 .debug_aranges
                0x000000c8       0x20 ../exercise3_bsp//libhal_bsp.a(alt_putstr.o)
 .debug_aranges
                0x000000e8       0x20 ../exercise3_bsp//libhal_bsp.a(alt_usleep.o)
 .debug_aranges
                0x00000108       0x20 ../exercise3_bsp//libhal_bsp.a(alt_sys_init.o)
 .debug_aranges
                0x00000128       0x20 ../exercise3_bsp//libhal_bsp.a(altera_avalon_jtag_uart_write.o)
 .debug_aranges
                0x00000148       0x20 ../exercise3_bsp//libhal_bsp.a(altera_up_avalon_character_lcd.o)
 .debug_aranges
                0x00000168       0x20 ../exercise3_bsp//libhal_bsp.a(alt_busy_sleep.o)
 .debug_aranges
                0x00000188       0x20 ../exercise3_bsp//libhal_bsp.a(alt_dcache_flush_all.o)
 .debug_aranges
                0x000001a8       0x20 ../exercise3_bsp//libhal_bsp.a(alt_dev.o)
 .debug_aranges
                0x000001c8       0x20 ../exercise3_bsp//libhal_bsp.a(alt_dev_llist_insert.o)
 .debug_aranges
                0x000001e8       0x20 ../exercise3_bsp//libhal_bsp.a(alt_find_dev.o)
 .debug_aranges
                0x00000208       0x20 ../exercise3_bsp//libhal_bsp.a(alt_icache_flush_all.o)
 .debug_aranges
                0x00000228       0x30 ../exercise3_bsp//libhal_bsp.a(alt_irq_entry.o)
 .debug_aranges
                0x00000258       0x28 ../exercise3_bsp//libhal_bsp.a(alt_irq_handler.o)
 .debug_aranges
                0x00000280       0x20 ../exercise3_bsp//libhal_bsp.a(altera_nios2_qsys_irq.o)
 .debug_aranges
                0x000002a0       0x38 ../exercise3_bsp//libhal_bsp.a(alt_exception_entry.o)
 .debug_aranges
                0x000002d8       0x20 /tools/altera/12.0/nios2eds/bin/gnu/H-i686-pc-linux-gnu/bin/../lib/gcc/nios2-elf/4.1.2/../../../../nios2-elf/lib/mno-hw-mul/libsmallc.a(lib_a-memcmp.o)
 .debug_aranges
                0x000002f8       0x20 /tools/altera/12.0/nios2eds/bin/gnu/H-i686-pc-linux-gnu/bin/../lib/gcc/nios2-elf/4.1.2/../../../../nios2-elf/lib/mno-hw-mul/libsmallc.a(lib_a-strlen.o)
 .debug_aranges
                0x00000318       0x20 /tools/altera/12.0/nios2eds/bin/gnu/H-i686-pc-linux-gnu/bin/../lib/gcc/nios2-elf/4.1.2/mno-hw-mul/libgcc.a(lib2-mul.o)

.debug_pubnames
                0x00000000      0x61d
 *(.debug_pubnames)
 .debug_pubnames
                0x00000000       0x67 obj/default/exercise3.o
 .debug_pubnames
                0x00000067       0x48 /tools/altera/12.0/nios2eds/bin/gnu/H-i686-pc-linux-gnu/bin/../lib/gcc/nios2-elf/4.1.2/mno-hw-mul/libgcc.a(lib2-divmod.o)
 .debug_pubnames
                0x000000af       0x27 ../exercise3_bsp//libhal_bsp.a(alt_irq_register.o)
 .debug_pubnames
                0x000000d6       0x3b ../exercise3_bsp//libhal_bsp.a(alt_irq_vars.o)
 .debug_pubnames
                0x00000111       0x1f ../exercise3_bsp//libhal_bsp.a(alt_load.o)
 .debug_pubnames
                0x00000130       0x46 ../exercise3_bsp//libhal_bsp.a(alt_main.o)
 .debug_pubnames
                0x00000176       0x21 ../exercise3_bsp//libhal_bsp.a(alt_putstr.o)
 .debug_pubnames
                0x00000197       0x1d ../exercise3_bsp//libhal_bsp.a(alt_usleep.o)
 .debug_pubnames
                0x000001b4       0x44 ../exercise3_bsp//libhal_bsp.a(alt_sys_init.o)
 .debug_pubnames
                0x000001f8       0x34 ../exercise3_bsp//libhal_bsp.a(altera_avalon_jtag_uart_write.o)
 .debug_pubnames
                0x0000022c      0x1cd ../exercise3_bsp//libhal_bsp.a(altera_up_avalon_character_lcd.o)
 .debug_pubnames
                0x000003f9       0x25 ../exercise3_bsp//libhal_bsp.a(alt_busy_sleep.o)
 .debug_pubnames
                0x0000041e       0x2b ../exercise3_bsp//libhal_bsp.a(alt_dcache_flush_all.o)
 .debug_pubnames
                0x00000449       0x63 ../exercise3_bsp//libhal_bsp.a(alt_dev.o)
 .debug_pubnames
                0x000004ac       0x2b ../exercise3_bsp//libhal_bsp.a(alt_dev_llist_insert.o)
 .debug_pubnames
                0x000004d7       0x20 ../exercise3_bsp//libhal_bsp.a(alt_errno.o)
 .debug_pubnames
                0x000004f7       0x23 ../exercise3_bsp//libhal_bsp.a(alt_find_dev.o)
 .debug_pubnames
                0x0000051a       0x2b ../exercise3_bsp//libhal_bsp.a(alt_icache_flush_all.o)
 .debug_pubnames
                0x00000545       0x32 ../exercise3_bsp//libhal_bsp.a(alt_irq_handler.o)
 .debug_pubnames
                0x00000577       0x31 ../exercise3_bsp//libhal_bsp.a(altera_nios2_qsys_irq.o)
 .debug_pubnames
                0x000005a8       0x1c /tools/altera/12.0/nios2eds/bin/gnu/H-i686-pc-linux-gnu/bin/../lib/gcc/nios2-elf/4.1.2/../../../../nios2-elf/lib/mno-hw-mul/libsmallc.a(lib_a-int_errno.o)
 .debug_pubnames
                0x000005c4       0x1d /tools/altera/12.0/nios2eds/bin/gnu/H-i686-pc-linux-gnu/bin/../lib/gcc/nios2-elf/4.1.2/../../../../nios2-elf/lib/mno-hw-mul/libsmallc.a(lib_a-memcmp.o)
 .debug_pubnames
                0x000005e1       0x1d /tools/altera/12.0/nios2eds/bin/gnu/H-i686-pc-linux-gnu/bin/../lib/gcc/nios2-elf/4.1.2/../../../../nios2-elf/lib/mno-hw-mul/libsmallc.a(lib_a-strlen.o)
 .debug_pubnames
                0x000005fe       0x1f /tools/altera/12.0/nios2eds/bin/gnu/H-i686-pc-linux-gnu/bin/../lib/gcc/nios2-elf/4.1.2/mno-hw-mul/libgcc.a(lib2-mul.o)

.debug_info     0x00000000     0x29e2
 *(.debug_info .gnu.linkonce.wi.*)
 .debug_info    0x00000000       0x6c ../exercise3_bsp//obj/HAL/src/crt0.o
 .debug_info    0x0000006c      0x1f3 obj/default/exercise3.o
 .debug_info    0x0000025f      0x21c /tools/altera/12.0/nios2eds/bin/gnu/H-i686-pc-linux-gnu/bin/../lib/gcc/nios2-elf/4.1.2/mno-hw-mul/libgcc.a(lib2-divmod.o)
 .debug_info    0x0000047b      0x2f4 ../exercise3_bsp//libhal_bsp.a(alt_irq_register.o)
 .debug_info    0x0000076f       0x92 ../exercise3_bsp//libhal_bsp.a(alt_irq_vars.o)
 .debug_info    0x00000801      0x12e ../exercise3_bsp//libhal_bsp.a(alt_load.o)
 .debug_info    0x0000092f      0x125 ../exercise3_bsp//libhal_bsp.a(alt_main.o)
 .debug_info    0x00000a54       0xc5 ../exercise3_bsp//libhal_bsp.a(alt_putstr.o)
 .debug_info    0x00000b19       0xab ../exercise3_bsp//libhal_bsp.a(alt_usleep.o)
 .debug_info    0x00000bc4      0x3e1 ../exercise3_bsp//libhal_bsp.a(alt_sys_init.o)
 .debug_info    0x00000fa5      0x18f ../exercise3_bsp//libhal_bsp.a(altera_avalon_jtag_uart_write.o)
 .debug_info    0x00001134      0x64d ../exercise3_bsp//libhal_bsp.a(altera_up_avalon_character_lcd.o)
 .debug_info    0x00001781       0xd0 ../exercise3_bsp//libhal_bsp.a(alt_busy_sleep.o)
 .debug_info    0x00001851       0x8d ../exercise3_bsp//libhal_bsp.a(alt_dcache_flush_all.o)
 .debug_info    0x000018de      0x4dd ../exercise3_bsp//libhal_bsp.a(alt_dev.o)
 .debug_info    0x00001dbb      0x1b7 ../exercise3_bsp//libhal_bsp.a(alt_dev_llist_insert.o)
 .debug_info    0x00001f72       0xab ../exercise3_bsp//libhal_bsp.a(alt_errno.o)
 .debug_info    0x0000201d      0x310 ../exercise3_bsp//libhal_bsp.a(alt_find_dev.o)
 .debug_info    0x0000232d       0x8d ../exercise3_bsp//libhal_bsp.a(alt_icache_flush_all.o)
 .debug_info    0x000023ba       0x75 ../exercise3_bsp//libhal_bsp.a(alt_irq_entry.o)
 .debug_info    0x0000242f      0x17b ../exercise3_bsp//libhal_bsp.a(alt_irq_handler.o)
 .debug_info    0x000025aa       0x8d ../exercise3_bsp//libhal_bsp.a(altera_nios2_qsys_irq.o)
 .debug_info    0x00002637       0x7b ../exercise3_bsp//libhal_bsp.a(alt_exception_entry.o)
 .debug_info    0x000026b2       0x8c /tools/altera/12.0/nios2eds/bin/gnu/H-i686-pc-linux-gnu/bin/../lib/gcc/nios2-elf/4.1.2/../../../../nios2-elf/lib/mno-hw-mul/libsmallc.a(lib_a-int_errno.o)
 .debug_info    0x0000273e       0xef /tools/altera/12.0/nios2eds/bin/gnu/H-i686-pc-linux-gnu/bin/../lib/gcc/nios2-elf/4.1.2/../../../../nios2-elf/lib/mno-hw-mul/libsmallc.a(lib_a-memcmp.o)
 .debug_info    0x0000282d       0xc2 /tools/altera/12.0/nios2eds/bin/gnu/H-i686-pc-linux-gnu/bin/../lib/gcc/nios2-elf/4.1.2/../../../../nios2-elf/lib/mno-hw-mul/libsmallc.a(lib_a-strlen.o)
 .debug_info    0x000028ef       0xf3 /tools/altera/12.0/nios2eds/bin/gnu/H-i686-pc-linux-gnu/bin/../lib/gcc/nios2-elf/4.1.2/mno-hw-mul/libgcc.a(lib2-mul.o)

.debug_abbrev   0x00000000     0x1128
 *(.debug_abbrev)
 .debug_abbrev  0x00000000       0x12 ../exercise3_bsp//obj/HAL/src/crt0.o
 .debug_abbrev  0x00000012      0x13c obj/default/exercise3.o
 .debug_abbrev  0x0000014e       0xe0 /tools/altera/12.0/nios2eds/bin/gnu/H-i686-pc-linux-gnu/bin/../lib/gcc/nios2-elf/4.1.2/mno-hw-mul/libgcc.a(lib2-divmod.o)
 .debug_abbrev  0x0000022e      0x190 ../exercise3_bsp//libhal_bsp.a(alt_irq_register.o)
 .debug_abbrev  0x000003be       0x44 ../exercise3_bsp//libhal_bsp.a(alt_irq_vars.o)
 .debug_abbrev  0x00000402       0x97 ../exercise3_bsp//libhal_bsp.a(alt_load.o)
 .debug_abbrev  0x00000499       0xa6 ../exercise3_bsp//libhal_bsp.a(alt_main.o)
 .debug_abbrev  0x0000053f       0x7c ../exercise3_bsp//libhal_bsp.a(alt_putstr.o)
 .debug_abbrev  0x000005bb       0x5d ../exercise3_bsp//libhal_bsp.a(alt_usleep.o)
 .debug_abbrev  0x00000618      0x149 ../exercise3_bsp//libhal_bsp.a(alt_sys_init.o)
 .debug_abbrev  0x00000761       0xf0 ../exercise3_bsp//libhal_bsp.a(altera_avalon_jtag_uart_write.o)
 .debug_abbrev  0x00000851      0x182 ../exercise3_bsp//libhal_bsp.a(altera_up_avalon_character_lcd.o)
 .debug_abbrev  0x000009d3       0x79 ../exercise3_bsp//libhal_bsp.a(alt_busy_sleep.o)
 .debug_abbrev  0x00000a4c       0x3f ../exercise3_bsp//libhal_bsp.a(alt_dcache_flush_all.o)
 .debug_abbrev  0x00000a8b       0xd6 ../exercise3_bsp//libhal_bsp.a(alt_dev.o)
 .debug_abbrev  0x00000b61      0x117 ../exercise3_bsp//libhal_bsp.a(alt_dev_llist_insert.o)
 .debug_abbrev  0x00000c78       0x5e ../exercise3_bsp//libhal_bsp.a(alt_errno.o)
 .debug_abbrev  0x00000cd6       0xed ../exercise3_bsp//libhal_bsp.a(alt_find_dev.o)
 .debug_abbrev  0x00000dc3       0x3f ../exercise3_bsp//libhal_bsp.a(alt_icache_flush_all.o)
 .debug_abbrev  0x00000e02       0x12 ../exercise3_bsp//libhal_bsp.a(alt_irq_entry.o)
 .debug_abbrev  0x00000e14      0x117 ../exercise3_bsp//libhal_bsp.a(alt_irq_handler.o)
 .debug_abbrev  0x00000f2b       0x3f ../exercise3_bsp//libhal_bsp.a(altera_nios2_qsys_irq.o)
 .debug_abbrev  0x00000f6a       0x12 ../exercise3_bsp//libhal_bsp.a(alt_exception_entry.o)
 .debug_abbrev  0x00000f7c       0x3b /tools/altera/12.0/nios2eds/bin/gnu/H-i686-pc-linux-gnu/bin/../lib/gcc/nios2-elf/4.1.2/../../../../nios2-elf/lib/mno-hw-mul/libsmallc.a(lib_a-int_errno.o)
 .debug_abbrev  0x00000fb7       0x7c /tools/altera/12.0/nios2eds/bin/gnu/H-i686-pc-linux-gnu/bin/../lib/gcc/nios2-elf/4.1.2/../../../../nios2-elf/lib/mno-hw-mul/libsmallc.a(lib_a-memcmp.o)
 .debug_abbrev  0x00001033       0x7a /tools/altera/12.0/nios2eds/bin/gnu/H-i686-pc-linux-gnu/bin/../lib/gcc/nios2-elf/4.1.2/../../../../nios2-elf/lib/mno-hw-mul/libsmallc.a(lib_a-strlen.o)
 .debug_abbrev  0x000010ad       0x7b /tools/altera/12.0/nios2eds/bin/gnu/H-i686-pc-linux-gnu/bin/../lib/gcc/nios2-elf/4.1.2/mno-hw-mul/libgcc.a(lib2-mul.o)

.debug_line     0x00000000     0x3acb
 *(.debug_line)
 .debug_line    0x00000000       0x66 ../exercise3_bsp//obj/HAL/src/crt0.o
 .debug_line    0x00000066      0x4be obj/default/exercise3.o
 .debug_line    0x00000524      0x2c3 /tools/altera/12.0/nios2eds/bin/gnu/H-i686-pc-linux-gnu/bin/../lib/gcc/nios2-elf/4.1.2/mno-hw-mul/libgcc.a(lib2-divmod.o)
 .debug_line    0x000007e7      0x29e ../exercise3_bsp//libhal_bsp.a(alt_irq_register.o)
 .debug_line    0x00000a85       0x72 ../exercise3_bsp//libhal_bsp.a(alt_irq_vars.o)
 .debug_line    0x00000af7      0x223 ../exercise3_bsp//libhal_bsp.a(alt_load.o)
 .debug_line    0x00000d1a      0x2ce ../exercise3_bsp//libhal_bsp.a(alt_main.o)
 .debug_line    0x00000fe8      0x1e5 ../exercise3_bsp//libhal_bsp.a(alt_putstr.o)
 .debug_line    0x000011cd      0x214 ../exercise3_bsp//libhal_bsp.a(alt_usleep.o)
 .debug_line    0x000013e1      0x2e8 ../exercise3_bsp//libhal_bsp.a(alt_sys_init.o)
 .debug_line    0x000016c9      0x300 ../exercise3_bsp//libhal_bsp.a(altera_avalon_jtag_uart_write.o)
 .debug_line    0x000019c9      0x4fa ../exercise3_bsp//libhal_bsp.a(altera_up_avalon_character_lcd.o)
 .debug_line    0x00001ec3      0x270 ../exercise3_bsp//libhal_bsp.a(alt_busy_sleep.o)
 .debug_line    0x00002133      0x1c1 ../exercise3_bsp//libhal_bsp.a(alt_dcache_flush_all.o)
 .debug_line    0x000022f4      0x258 ../exercise3_bsp//libhal_bsp.a(alt_dev.o)
 .debug_line    0x0000254c      0x268 ../exercise3_bsp//libhal_bsp.a(alt_dev_llist_insert.o)
 .debug_line    0x000027b4      0x1b6 ../exercise3_bsp//libhal_bsp.a(alt_errno.o)
 .debug_line    0x0000296a      0x26d ../exercise3_bsp//libhal_bsp.a(alt_find_dev.o)
 .debug_line    0x00002bd7      0x1c1 ../exercise3_bsp//libhal_bsp.a(alt_icache_flush_all.o)
 .debug_line    0x00002d98       0x6b ../exercise3_bsp//libhal_bsp.a(alt_irq_entry.o)
 .debug_line    0x00002e03      0x22b ../exercise3_bsp//libhal_bsp.a(alt_irq_handler.o)
 .debug_line    0x0000302e      0x1da ../exercise3_bsp//libhal_bsp.a(altera_nios2_qsys_irq.o)
 .debug_line    0x00003208       0xab ../exercise3_bsp//libhal_bsp.a(alt_exception_entry.o)
 .debug_line    0x000032b3      0x1dc /tools/altera/12.0/nios2eds/bin/gnu/H-i686-pc-linux-gnu/bin/../lib/gcc/nios2-elf/4.1.2/../../../../nios2-elf/lib/mno-hw-mul/libsmallc.a(lib_a-int_errno.o)
 .debug_line    0x0000348f      0x267 /tools/altera/12.0/nios2eds/bin/gnu/H-i686-pc-linux-gnu/bin/../lib/gcc/nios2-elf/4.1.2/../../../../nios2-elf/lib/mno-hw-mul/libsmallc.a(lib_a-memcmp.o)
 .debug_line    0x000036f6      0x247 /tools/altera/12.0/nios2eds/bin/gnu/H-i686-pc-linux-gnu/bin/../lib/gcc/nios2-elf/4.1.2/../../../../nios2-elf/lib/mno-hw-mul/libsmallc.a(lib_a-strlen.o)
 .debug_line    0x0000393d      0x18e /tools/altera/12.0/nios2eds/bin/gnu/H-i686-pc-linux-gnu/bin/../lib/gcc/nios2-elf/4.1.2/mno-hw-mul/libgcc.a(lib2-mul.o)

.debug_frame    0x00000000      0x4b4
 *(.debug_frame)
 .debug_frame   0x00000000       0x80 obj/default/exercise3.o
 .debug_frame   0x00000080       0x70 /tools/altera/12.0/nios2eds/bin/gnu/H-i686-pc-linux-gnu/bin/../lib/gcc/nios2-elf/4.1.2/mno-hw-mul/libgcc.a(lib2-divmod.o)
 .debug_frame   0x000000f0       0x20 ../exercise3_bsp//libhal_bsp.a(alt_irq_register.o)
 .debug_frame   0x00000110       0x38 ../exercise3_bsp//libhal_bsp.a(alt_load.o)
 .debug_frame   0x00000148       0x28 ../exercise3_bsp//libhal_bsp.a(alt_main.o)
 .debug_frame   0x00000170       0x28 ../exercise3_bsp//libhal_bsp.a(alt_putstr.o)
 .debug_frame   0x00000198       0x20 ../exercise3_bsp//libhal_bsp.a(alt_usleep.o)
 .debug_frame   0x000001b8       0x44 ../exercise3_bsp//libhal_bsp.a(alt_sys_init.o)
 .debug_frame   0x000001fc       0x20 ../exercise3_bsp//libhal_bsp.a(altera_avalon_jtag_uart_write.o)
 .debug_frame   0x0000021c      0x110 ../exercise3_bsp//libhal_bsp.a(altera_up_avalon_character_lcd.o)
 .debug_frame   0x0000032c       0x28 ../exercise3_bsp//libhal_bsp.a(alt_busy_sleep.o)
 .debug_frame   0x00000354       0x20 ../exercise3_bsp//libhal_bsp.a(alt_dcache_flush_all.o)
 .debug_frame   0x00000374       0x20 ../exercise3_bsp//libhal_bsp.a(alt_dev.o)
 .debug_frame   0x00000394       0x28 ../exercise3_bsp//libhal_bsp.a(alt_dev_llist_insert.o)
 .debug_frame   0x000003bc       0x30 ../exercise3_bsp//libhal_bsp.a(alt_find_dev.o)
 .debug_frame   0x000003ec       0x20 ../exercise3_bsp//libhal_bsp.a(alt_icache_flush_all.o)
 .debug_frame   0x0000040c       0x28 ../exercise3_bsp//libhal_bsp.a(alt_irq_handler.o)
 .debug_frame   0x00000434       0x20 ../exercise3_bsp//libhal_bsp.a(altera_nios2_qsys_irq.o)
 .debug_frame   0x00000454       0x20 /tools/altera/12.0/nios2eds/bin/gnu/H-i686-pc-linux-gnu/bin/../lib/gcc/nios2-elf/4.1.2/../../../../nios2-elf/lib/mno-hw-mul/libsmallc.a(lib_a-memcmp.o)
 .debug_frame   0x00000474       0x20 /tools/altera/12.0/nios2eds/bin/gnu/H-i686-pc-linux-gnu/bin/../lib/gcc/nios2-elf/4.1.2/../../../../nios2-elf/lib/mno-hw-mul/libsmallc.a(lib_a-strlen.o)
 .debug_frame   0x00000494       0x20 /tools/altera/12.0/nios2eds/bin/gnu/H-i686-pc-linux-gnu/bin/../lib/gcc/nios2-elf/4.1.2/mno-hw-mul/libgcc.a(lib2-mul.o)

.debug_str      0x00000000      0xd8e
 *(.debug_str)
 .debug_str     0x00000000      0x103 obj/default/exercise3.o
                                0x141 (size before relaxing)
 .debug_str     0x00000103      0x10d /tools/altera/12.0/nios2eds/bin/gnu/H-i686-pc-linux-gnu/bin/../lib/gcc/nios2-elf/4.1.2/mno-hw-mul/libgcc.a(lib2-divmod.o)
                                0x1b6 (size before relaxing)
 .debug_str     0x00000210      0x112 ../exercise3_bsp//libhal_bsp.a(alt_irq_register.o)
                                0x1b7 (size before relaxing)
 .debug_str     0x00000322       0x17 ../exercise3_bsp//libhal_bsp.a(alt_irq_vars.o)
                                 0xfe (size before relaxing)
 .debug_str     0x00000339       0xe9 ../exercise3_bsp//libhal_bsp.a(alt_load.o)
                                0x1c1 (size before relaxing)
 .debug_str     0x00000422       0x75 ../exercise3_bsp//libhal_bsp.a(alt_main.o)
                                0x145 (size before relaxing)
 .debug_str     0x00000497       0x4c ../exercise3_bsp//libhal_bsp.a(alt_putstr.o)
                                0x11c (size before relaxing)
 .debug_str     0x000004e3       0x27 ../exercise3_bsp//libhal_bsp.a(alt_usleep.o)
                                 0xf7 (size before relaxing)
 .debug_str     0x0000050a      0x111 ../exercise3_bsp//libhal_bsp.a(alt_sys_init.o)
                                0x25e (size before relaxing)
 .debug_str     0x0000061b       0x50 ../exercise3_bsp//libhal_bsp.a(altera_avalon_jtag_uart_write.o)
                                0x1bd (size before relaxing)
 .debug_str     0x0000066b      0x1ea ../exercise3_bsp//libhal_bsp.a(altera_up_avalon_character_lcd.o)
                                0x3a0 (size before relaxing)
 .debug_str     0x00000855       0x42 ../exercise3_bsp//libhal_bsp.a(alt_busy_sleep.o)
                                0x11a (size before relaxing)
 .debug_str     0x00000897       0x34 ../exercise3_bsp//libhal_bsp.a(alt_dcache_flush_all.o)
                                0x104 (size before relaxing)
 .debug_str     0x000008cb      0x12c ../exercise3_bsp//libhal_bsp.a(alt_dev.o)
                                0x2b4 (size before relaxing)
 .debug_str     0x000009f7       0x71 ../exercise3_bsp//libhal_bsp.a(alt_dev_llist_insert.o)
                                0x17b (size before relaxing)
 .debug_str     0x00000a68       0x14 ../exercise3_bsp//libhal_bsp.a(alt_errno.o)
                                 0xf4 (size before relaxing)
 .debug_str     0x00000a7c       0x24 ../exercise3_bsp//libhal_bsp.a(alt_find_dev.o)
                                0x19b (size before relaxing)
 .debug_str     0x00000aa0       0x34 ../exercise3_bsp//libhal_bsp.a(alt_icache_flush_all.o)
                                0x104 (size before relaxing)
 .debug_str     0x00000ad4       0x3a ../exercise3_bsp//libhal_bsp.a(alt_irq_handler.o)
                                0x146 (size before relaxing)
 .debug_str     0x00000b0e       0x3b ../exercise3_bsp//libhal_bsp.a(altera_nios2_qsys_irq.o)
                                0x10b (size before relaxing)
 .debug_str     0x00000b49       0xde /tools/altera/12.0/nios2eds/bin/gnu/H-i686-pc-linux-gnu/bin/../lib/gcc/nios2-elf/4.1.2/../../../../nios2-elf/lib/mno-hw-mul/libsmallc.a(lib_a-int_errno.o)
                                0x179 (size before relaxing)
 .debug_str     0x00000c27       0xeb /tools/altera/12.0/nios2eds/bin/gnu/H-i686-pc-linux-gnu/bin/../lib/gcc/nios2-elf/4.1.2/../../../../nios2-elf/lib/mno-hw-mul/libsmallc.a(lib_a-memcmp.o)
                                0x180 (size before relaxing)
 .debug_str     0x00000d12       0x45 /tools/altera/12.0/nios2eds/bin/gnu/H-i686-pc-linux-gnu/bin/../lib/gcc/nios2-elf/4.1.2/../../../../nios2-elf/lib/mno-hw-mul/libsmallc.a(lib_a-strlen.o)
                                0x186 (size before relaxing)
 .debug_str     0x00000d57       0x37 /tools/altera/12.0/nios2eds/bin/gnu/H-i686-pc-linux-gnu/bin/../lib/gcc/nios2-elf/4.1.2/mno-hw-mul/libgcc.a(lib2-mul.o)
                                0x177 (size before relaxing)

.debug_loc      0x00000000      0xaaa
 *(.debug_loc)
 .debug_loc     0x00000000       0xd8 obj/default/exercise3.o
 .debug_loc     0x000000d8      0x1d2 /tools/altera/12.0/nios2eds/bin/gnu/H-i686-pc-linux-gnu/bin/../lib/gcc/nios2-elf/4.1.2/mno-hw-mul/libgcc.a(lib2-divmod.o)
 .debug_loc     0x000002aa       0x52 ../exercise3_bsp//libhal_bsp.a(alt_irq_register.o)
 .debug_loc     0x000002fc       0x1f ../exercise3_bsp//libhal_bsp.a(alt_load.o)
 .debug_loc     0x0000031b       0x1f ../exercise3_bsp//libhal_bsp.a(alt_main.o)
 .debug_loc     0x0000033a       0x48 ../exercise3_bsp//libhal_bsp.a(alt_putstr.o)
 .debug_loc     0x00000382       0x13 ../exercise3_bsp//libhal_bsp.a(alt_usleep.o)
 .debug_loc     0x00000395       0x51 ../exercise3_bsp//libhal_bsp.a(alt_sys_init.o)
 .debug_loc     0x000003e6       0x26 ../exercise3_bsp//libhal_bsp.a(altera_avalon_jtag_uart_write.o)
 .debug_loc     0x0000040c      0x3cc ../exercise3_bsp//libhal_bsp.a(altera_up_avalon_character_lcd.o)
 .debug_loc     0x000007d8       0x50 ../exercise3_bsp//libhal_bsp.a(alt_busy_sleep.o)
 .debug_loc     0x00000828       0x5b ../exercise3_bsp//libhal_bsp.a(alt_dev_llist_insert.o)
 .debug_loc     0x00000883       0xef ../exercise3_bsp//libhal_bsp.a(alt_find_dev.o)
 .debug_loc     0x00000972       0x5b ../exercise3_bsp//libhal_bsp.a(alt_irq_handler.o)
 .debug_loc     0x000009cd       0x70 /tools/altera/12.0/nios2eds/bin/gnu/H-i686-pc-linux-gnu/bin/../lib/gcc/nios2-elf/4.1.2/../../../../nios2-elf/lib/mno-hw-mul/libsmallc.a(lib_a-memcmp.o)
 .debug_loc     0x00000a3d       0x1e /tools/altera/12.0/nios2eds/bin/gnu/H-i686-pc-linux-gnu/bin/../lib/gcc/nios2-elf/4.1.2/../../../../nios2-elf/lib/mno-hw-mul/libsmallc.a(lib_a-strlen.o)
 .debug_loc     0x00000a5b       0x4f /tools/altera/12.0/nios2eds/bin/gnu/H-i686-pc-linux-gnu/bin/../lib/gcc/nios2-elf/4.1.2/mno-hw-mul/libgcc.a(lib2-mul.o)

.debug_macinfo
 *(.debug_macinfo)

.debug_weaknames
 *(.debug_weaknames)

.debug_funcnames
 *(.debug_funcnames)

.debug_typenames
 *(.debug_typenames)

.debug_varnames
 *(.debug_varnames)

.debug_alt_sim_info
                0x00000000       0x40
 *(.debug_alt_sim_info)
 .debug_alt_sim_info
                0x00000000       0x10 ../exercise3_bsp//obj/HAL/src/crt0.o
 .debug_alt_sim_info
                0x00000010       0x30 ../exercise3_bsp//libhal_bsp.a(alt_busy_sleep.o)
                0x00008000                __alt_data_end = 0x8000
                0x00008000                PROVIDE (__alt_stack_pointer, __alt_data_end)
                0x00005330                PROVIDE (__alt_stack_limit, __alt_stack_base)
                0x00005330                PROVIDE (__alt_heap_start, end)
                0x00008000                PROVIDE (__alt_heap_limit, 0x8000)
OUTPUT(exercise3.elf elf32-littlenios2)

.debug_ranges   0x00000000       0xc0
 .debug_ranges  0x00000000       0x20 ../exercise3_bsp//obj/HAL/src/crt0.o
 .debug_ranges  0x00000020       0x18 ../exercise3_bsp//libhal_bsp.a(alt_sys_init.o)
 .debug_ranges  0x00000038       0x18 ../exercise3_bsp//libhal_bsp.a(alt_dev_llist_insert.o)
 .debug_ranges  0x00000050       0x28 ../exercise3_bsp//libhal_bsp.a(alt_irq_entry.o)
 .debug_ranges  0x00000078       0x18 ../exercise3_bsp//libhal_bsp.a(alt_irq_handler.o)
 .debug_ranges  0x00000090       0x30 ../exercise3_bsp//libhal_bsp.a(alt_exception_entry.o)
