Archive member included because of file (symbol)

../experiment3a_bsp//libhal_bsp.a(alt_load.o)
                              ../experiment3a_bsp//obj/HAL/src/crt0.o (alt_load)
../experiment3a_bsp//libhal_bsp.a(alt_main.o)
                              ../experiment3a_bsp//obj/HAL/src/crt0.o (alt_main)
../experiment3a_bsp//libhal_bsp.a(alt_printf.o)
                              obj/default/experiment3a.o (alt_printf)
../experiment3a_bsp//libhal_bsp.a(alt_putchar.o)
                              ../experiment3a_bsp//libhal_bsp.a(alt_printf.o) (alt_putchar)
../experiment3a_bsp//libhal_bsp.a(alt_sys_init.o)
                              ../experiment3a_bsp//libhal_bsp.a(alt_main.o) (alt_sys_init)
../experiment3a_bsp//libhal_bsp.a(altera_avalon_jtag_uart_write.o)
                              ../experiment3a_bsp//libhal_bsp.a(alt_putchar.o) (altera_avalon_jtag_uart_write)
../experiment3a_bsp//libhal_bsp.a(altera_up_avalon_character_lcd.o)
                              obj/default/experiment3a.o (alt_up_character_lcd_string)
../experiment3a_bsp//libhal_bsp.a(alt_dcache_flush_all.o)
                              ../experiment3a_bsp//libhal_bsp.a(alt_load.o) (alt_dcache_flush_all)
../experiment3a_bsp//libhal_bsp.a(alt_dev.o)
                              ../experiment3a_bsp//libhal_bsp.a(alt_sys_init.o) (alt_dev_list)
../experiment3a_bsp//libhal_bsp.a(alt_dev_llist_insert.o)
                              ../experiment3a_bsp//libhal_bsp.a(alt_sys_init.o) (alt_dev_llist_insert)
../experiment3a_bsp//libhal_bsp.a(alt_errno.o)
                              ../experiment3a_bsp//libhal_bsp.a(alt_dev_llist_insert.o) (alt_errno)
../experiment3a_bsp//libhal_bsp.a(alt_find_dev.o)
                              ../experiment3a_bsp//libhal_bsp.a(altera_up_avalon_character_lcd.o) (alt_find_dev)
../experiment3a_bsp//libhal_bsp.a(alt_icache_flush_all.o)
                              ../experiment3a_bsp//libhal_bsp.a(alt_load.o) (alt_icache_flush_all)
../experiment3a_bsp//libhal_bsp.a(altera_nios2_qsys_irq.o)
                              ../experiment3a_bsp//libhal_bsp.a(alt_sys_init.o) (altera_nios2_qsys_irq_init)
/tools/altera/12.0/nios2eds/bin/gnu/H-i686-pc-linux-gnu/bin/../lib/gcc/nios2-elf/4.1.2/../../../../nios2-elf/lib/mno-hw-mul/libsmallc.a(lib_a-int_errno.o)
                              ../experiment3a_bsp//libhal_bsp.a(alt_dev_llist_insert.o) (errno)
/tools/altera/12.0/nios2eds/bin/gnu/H-i686-pc-linux-gnu/bin/../lib/gcc/nios2-elf/4.1.2/../../../../nios2-elf/lib/mno-hw-mul/libsmallc.a(lib_a-memcmp.o)
                              ../experiment3a_bsp//libhal_bsp.a(alt_find_dev.o) (memcmp)
/tools/altera/12.0/nios2eds/bin/gnu/H-i686-pc-linux-gnu/bin/../lib/gcc/nios2-elf/4.1.2/../../../../nios2-elf/lib/mno-hw-mul/libsmallc.a(lib_a-strlen.o)
                              ../experiment3a_bsp//libhal_bsp.a(alt_find_dev.o) (strlen)

Allocating common symbols
Common symbol       size              file

errno               0x4               /tools/altera/12.0/nios2eds/bin/gnu/H-i686-pc-linux-gnu/bin/../lib/gcc/nios2-elf/4.1.2/../../../../nios2-elf/lib/mno-hw-mul/libsmallc.a(lib_a-int_errno.o)

Memory Configuration

Name             Origin             Length             Attributes
reset            0x00004000         0x00000020
onchip_memory2_0 0x00004020         0x00003fe0
*default*        0x00000000         0xffffffff

Linker script and memory map

LOAD ../experiment3a_bsp//obj/HAL/src/crt0.o
                0x0000400c                exit = _exit
LOAD obj/default/experiment3a.o
LOAD /tools/altera/12.0/nios2eds/bin/gnu/H-i686-pc-linux-gnu/bin/../lib/gcc/nios2-elf/4.1.2/../../../../nios2-elf/lib/mno-hw-mul/libstdc++.a
LOAD /tools/altera/12.0/nios2eds/bin/gnu/H-i686-pc-linux-gnu/bin/../lib/gcc/nios2-elf/4.1.2/../../../../nios2-elf/lib/mno-hw-mul/libm.a
LOAD /tools/altera/12.0/nios2eds/bin/gnu/H-i686-pc-linux-gnu/bin/../lib/gcc/nios2-elf/4.1.2/mno-hw-mul/libgcc.a
START GROUP
LOAD /tools/altera/12.0/nios2eds/bin/gnu/H-i686-pc-linux-gnu/bin/../lib/gcc/nios2-elf/4.1.2/../../../../nios2-elf/lib/mno-hw-mul/libsmallc.a
LOAD /tools/altera/12.0/nios2eds/bin/gnu/H-i686-pc-linux-gnu/bin/../lib/gcc/nios2-elf/4.1.2/mno-hw-mul/libgcc.a
LOAD ../experiment3a_bsp//libhal_bsp.a
END GROUP
LOAD /tools/altera/12.0/nios2eds/bin/gnu/H-i686-pc-linux-gnu/bin/../lib/gcc/nios2-elf/4.1.2/mno-hw-mul/libgcc.a
                0x00004000                __alt_mem_onchip_memory2_0 = 0x4000

.entry          0x00004000       0x20
 *(.entry)
 .entry         0x00004000       0x20 ../experiment3a_bsp//obj/HAL/src/crt0.o
                0x00004000                __reset
                0x0000400c                _exit

.exceptions     0x00004020        0x0
                0x00004020                PROVIDE (__ram_exceptions_start, ABSOLUTE (.))
                0x00004020                . = ALIGN (0x20)
 *(.irq)
 *(.exceptions.entry.label)
 *(.exceptions.entry.user)
 *(.exceptions.entry)
 *(.exceptions.irqtest.user)
 *(.exceptions.irqtest)
 *(.exceptions.irqhandler.user)
 *(.exceptions.irqhandler)
 *(.exceptions.irqreturn.user)
 *(.exceptions.irqreturn)
 *(.exceptions.notirq.label)
 *(.exceptions.notirq.user)
 *(.exceptions.notirq)
 *(.exceptions.soft.user)
 *(.exceptions.soft)
 *(.exceptions.unknown.user)
 *(.exceptions.unknown)
 *(.exceptions.exit.label)
 *(.exceptions.exit.user)
 *(.exceptions.exit)
 *(.exceptions)
                0x00004020                PROVIDE (__ram_exceptions_end, ABSOLUTE (.))
                0x00004020                PROVIDE (__flash_exceptions_start, LOADADDR (.exceptions))

.text           0x00004020      0xaac
                0x00004020                PROVIDE (stext, ABSOLUTE (.))
 *(.interp)
 *(.hash)
 *(.dynsym)
 *(.dynstr)
 *(.gnu.version)
 *(.gnu.version_d)
 *(.gnu.version_r)
 *(.rel.init)
 *(.rela.init)
 *(.rel.text .rel.text.* .rel.gnu.linkonce.t.*)
 *(.rela.text .rela.text.* .rela.gnu.linkonce.t.*)
 *(.rel.fini)
 *(.rela.fini)
 *(.rel.rodata .rel.rodata.* .rel.gnu.linkonce.r.*)
 *(.rela.rodata .rela.rodata.* .rela.gnu.linkonce.r.*)
 *(.rel.data .rel.data.* .rel.gnu.linkonce.d.*)
 *(.rela.data .rela.data.* .rela.gnu.linkonce.d.*)
 *(.rel.tdata .rel.tdata.* .rel.gnu.linkonce.td.*)
 *(.rela.tdata .rela.tdata.* .rela.gnu.linkonce.td.*)
 *(.rel.tbss .rel.tbss.* .rel.gnu.linkonce.tb.*)
 *(.rela.tbss .rela.tbss.* .rela.gnu.linkonce.tb.*)
 *(.rel.ctors)
 *(.rela.ctors)
 *(.rel.dtors)
 *(.rela.dtors)
 *(.rel.got)
 *(.rela.got)
 *(.rel.sdata .rel.sdata.* .rel.gnu.linkonce.s.*)
 *(.rela.sdata .rela.sdata.* .rela.gnu.linkonce.s.*)
 *(.rel.sbss .rel.sbss.* .rel.gnu.linkonce.sb.*)
 *(.rela.sbss .rela.sbss.* .rela.gnu.linkonce.sb.*)
 *(.rel.sdata2 .rel.sdata2.* .rel.gnu.linkonce.s2.*)
 *(.rela.sdata2 .rela.sdata2.* .rela.gnu.linkonce.s2.*)
 *(.rel.sbss2 .rel.sbss2.* .rel.gnu.linkonce.sb2.*)
 *(.rela.sbss2 .rela.sbss2.* .rela.gnu.linkonce.sb2.*)
 *(.rel.bss .rel.bss.* .rel.gnu.linkonce.b.*)
 *(.rela.bss .rela.bss.* .rela.gnu.linkonce.b.*)
 *(.rel.plt)
 *(.rela.plt)
 *(.rel.dyn)
 *(.init)
 *(.plt)
 *(.text .stub .text.* .gnu.linkonce.t.*)
 .text          0x00004020       0x3c ../experiment3a_bsp//obj/HAL/src/crt0.o
                0x00004020                _start
 .text          0x0000405c      0x3f4 obj/default/experiment3a.o
                0x0000405c                disp_seven_seg
                0x0000414c                main
 .text          0x00004450       0x8c ../experiment3a_bsp//libhal_bsp.a(alt_load.o)
                0x00004470                alt_load
 .text          0x000044dc       0x2c ../experiment3a_bsp//libhal_bsp.a(alt_main.o)
                0x000044dc                alt_main
 .text          0x00004508      0x144 ../experiment3a_bsp//libhal_bsp.a(alt_printf.o)
                0x00004508                alt_printf
 .text          0x0000464c       0x50 ../experiment3a_bsp//libhal_bsp.a(alt_putchar.o)
                0x0000464c                alt_putchar
 .text          0x0000469c       0x58 ../experiment3a_bsp//libhal_bsp.a(alt_sys_init.o)
                0x0000469c                alt_sys_init
                0x000046d4                alt_irq_init
 .text          0x000046f4       0x34 ../experiment3a_bsp//libhal_bsp.a(altera_avalon_jtag_uart_write.o)
                0x000046f4                altera_avalon_jtag_uart_write
 .text          0x00004728      0x250 ../experiment3a_bsp//libhal_bsp.a(altera_up_avalon_character_lcd.o)
                0x00004728                get_DDRAM_addr
                0x00004740                alt_up_character_lcd_string
                0x0000475c                alt_up_character_lcd_write
                0x00004780                alt_up_character_lcd_write_fd
                0x000047a0                alt_up_character_lcd_init
                0x000047b0                alt_up_character_lcd_send_cmd
                0x000047c0                alt_up_character_lcd_cursor_blink_on
                0x000047c8                alt_up_character_lcd_cursor_off
                0x000047d0                alt_up_character_lcd_erase_pos
                0x00004834                alt_up_character_lcd_shift_display
                0x000048a4                alt_up_character_lcd_shift_cursor
                0x00004914                alt_up_character_lcd_set_cursor_pos
                0x0000496c                alt_up_character_lcd_open_dev
 .text          0x00004978        0x4 ../experiment3a_bsp//libhal_bsp.a(alt_dcache_flush_all.o)
                0x00004978                alt_dcache_flush_all
 .text          0x0000497c        0x8 ../experiment3a_bsp//libhal_bsp.a(alt_dev.o)
 .text          0x00004984       0x70 ../experiment3a_bsp//libhal_bsp.a(alt_dev_llist_insert.o)
                0x00004984                alt_dev_llist_insert
 .text          0x000049f4        0x0 ../experiment3a_bsp//libhal_bsp.a(alt_errno.o)
 .text          0x000049f4       0x70 ../experiment3a_bsp//libhal_bsp.a(alt_find_dev.o)
                0x000049f4                alt_find_dev
 .text          0x00004a64        0x4 ../experiment3a_bsp//libhal_bsp.a(alt_icache_flush_all.o)
                0x00004a64                alt_icache_flush_all
 .text          0x00004a68        0x8 ../experiment3a_bsp//libhal_bsp.a(altera_nios2_qsys_irq.o)
                0x00004a68                altera_nios2_qsys_irq_init
 .text          0x00004a70        0x0 /tools/altera/12.0/nios2eds/bin/gnu/H-i686-pc-linux-gnu/bin/../lib/gcc/nios2-elf/4.1.2/../../../../nios2-elf/lib/mno-hw-mul/libsmallc.a(lib_a-int_errno.o)
 .text          0x00004a70       0x3c /tools/altera/12.0/nios2eds/bin/gnu/H-i686-pc-linux-gnu/bin/../lib/gcc/nios2-elf/4.1.2/../../../../nios2-elf/lib/mno-hw-mul/libsmallc.a(lib_a-memcmp.o)
                0x00004a70                memcmp
 .text          0x00004aac       0x20 /tools/altera/12.0/nios2eds/bin/gnu/H-i686-pc-linux-gnu/bin/../lib/gcc/nios2-elf/4.1.2/../../../../nios2-elf/lib/mno-hw-mul/libsmallc.a(lib_a-strlen.o)
                0x00004aac                strlen
 *(.gnu.warning.*)
 *(.fini)
                0x00004acc                PROVIDE (__etext, ABSOLUTE (.))
                0x00004acc                PROVIDE (_etext, ABSOLUTE (.))
                0x00004acc                PROVIDE (etext, ABSOLUTE (.))
 *(.eh_frame_hdr)
                0x00004acc                . = ALIGN (0x4)
                0x00004acc                PROVIDE (__preinit_array_start, ABSOLUTE (.))
 *(.preinit_array)
                0x00004acc                PROVIDE (__preinit_array_end, ABSOLUTE (.))
                0x00004acc                PROVIDE (__init_array_start, ABSOLUTE (.))
 *(.init_array)
                0x00004acc                PROVIDE (__init_array_end, ABSOLUTE (.))
                0x00004acc                PROVIDE (__fini_array_start, ABSOLUTE (.))
 *(.fini_array)
                0x00004acc                PROVIDE (__fini_array_end, ABSOLUTE (.))
 *(.eh_frame)
 *(.gcc_except_table)
 *(.dynamic)
                0x00004acc                PROVIDE (__CTOR_LIST__, ABSOLUTE (.))
 *(.ctors)
 *(SORT(.ctors.*))
                0x00004acc                PROVIDE (__CTOR_END__, ABSOLUTE (.))
                0x00004acc                PROVIDE (__DTOR_LIST__, ABSOLUTE (.))
 *(.dtors)
 *(SORT(.dtors.*))
                0x00004acc                PROVIDE (__DTOR_END__, ABSOLUTE (.))
 *(.jcr)
                0x00004acc                . = ALIGN (0x4)

.rodata         0x00004acc       0x7c
                0x00004acc                PROVIDE (__ram_rodata_start, ABSOLUTE (.))
                0x00004acc                . = ALIGN (0x4)
 *(.rodata .rodata.* .gnu.linkonce.r.*)
 .rodata.str1.4
                0x00004acc       0x70 obj/default/experiment3a.o
 .rodata.str1.4
                0x00000000       0x18 ../experiment3a_bsp//libhal_bsp.a(alt_sys_init.o)
 .rodata.str1.4
                0x00004b3c        0xc ../experiment3a_bsp//libhal_bsp.a(alt_dev.o)
 *(.rodata1)
                0x00004b48                . = ALIGN (0x4)
                0x00004b48                PROVIDE (__ram_rodata_end, ABSOLUTE (.))
                0x00004acc                PROVIDE (__flash_rodata_start, LOADADDR (.rodata))

.rwdata         0x00004b48       0xa0 load address 0x00004be8
                0x00004b48                PROVIDE (__ram_rwdata_start, ABSOLUTE (.))
                0x00004b48                . = ALIGN (0x4)
 *(.got.plt)
 *(.got)
 *(.data1)
 *(.data .data.* .gnu.linkonce.d.*)
 .data          0x00004b48        0x0 ../experiment3a_bsp//obj/HAL/src/crt0.o
 .data          0x00004b48        0x0 obj/default/experiment3a.o
 .data          0x00004b48        0x0 ../experiment3a_bsp//libhal_bsp.a(alt_load.o)
 .data          0x00004b48        0x0 ../experiment3a_bsp//libhal_bsp.a(alt_main.o)
 .data          0x00004b48        0x0 ../experiment3a_bsp//libhal_bsp.a(alt_printf.o)
 .data          0x00004b48        0x0 ../experiment3a_bsp//libhal_bsp.a(alt_putchar.o)
 .data          0x00004b48       0x2c ../experiment3a_bsp//libhal_bsp.a(alt_sys_init.o)
 .data          0x00004b74        0x0 ../experiment3a_bsp//libhal_bsp.a(altera_avalon_jtag_uart_write.o)
 .data          0x00004b74        0x0 ../experiment3a_bsp//libhal_bsp.a(altera_up_avalon_character_lcd.o)
 .data          0x00004b74        0x0 ../experiment3a_bsp//libhal_bsp.a(alt_dcache_flush_all.o)
 .data          0x00004b74       0x58 ../experiment3a_bsp//libhal_bsp.a(alt_dev.o)
                0x00004b74                alt_dev_null
                0x00004b9c                alt_fd_list
 .data          0x00004bcc        0x0 ../experiment3a_bsp//libhal_bsp.a(alt_dev_llist_insert.o)
 .data          0x00004bcc        0x0 ../experiment3a_bsp//libhal_bsp.a(alt_errno.o)
 .data          0x00004bcc        0x0 ../experiment3a_bsp//libhal_bsp.a(alt_find_dev.o)
 .data          0x00004bcc        0x0 ../experiment3a_bsp//libhal_bsp.a(alt_icache_flush_all.o)
 .data          0x00004bcc        0x0 ../experiment3a_bsp//libhal_bsp.a(altera_nios2_qsys_irq.o)
 .data          0x00004bcc        0x0 /tools/altera/12.0/nios2eds/bin/gnu/H-i686-pc-linux-gnu/bin/../lib/gcc/nios2-elf/4.1.2/../../../../nios2-elf/lib/mno-hw-mul/libsmallc.a(lib_a-int_errno.o)
 .data          0x00004bcc        0x0 /tools/altera/12.0/nios2eds/bin/gnu/H-i686-pc-linux-gnu/bin/../lib/gcc/nios2-elf/4.1.2/../../../../nios2-elf/lib/mno-hw-mul/libsmallc.a(lib_a-memcmp.o)
 .data          0x00004bcc        0x0 /tools/altera/12.0/nios2eds/bin/gnu/H-i686-pc-linux-gnu/bin/../lib/gcc/nios2-elf/4.1.2/../../../../nios2-elf/lib/mno-hw-mul/libsmallc.a(lib_a-strlen.o)
                0x0000cbcc                _gp = ABSOLUTE ((. + 0x8000))
                0x0000cbcc                PROVIDE (gp, _gp)
 *(.rwdata .rwdata.*)
 *(.sdata .sdata.* .gnu.linkonce.s.*)
 .sdata         0x00004bcc        0x4 ../experiment3a_bsp//libhal_bsp.a(alt_sys_init.o)
                0x00004bcc                jtag_uart_0
 .sdata         0x00004bd0       0x14 ../experiment3a_bsp//libhal_bsp.a(alt_dev.o)
                0x00004bd0                alt_fs_list
                0x00004bd8                alt_dev_list
                0x00004be0                alt_max_fd
 .sdata         0x00004be4        0x4 ../experiment3a_bsp//libhal_bsp.a(alt_errno.o)
                0x00004be4                alt_errno
 *(.sdata2 .sdata2.* .gnu.linkonce.s2.*)
                0x00004be8                . = ALIGN (0x4)
                0x00004be8                _edata = ABSOLUTE (.)
                0x00004be8                PROVIDE (edata, ABSOLUTE (.))
                0x00004be8                PROVIDE (__ram_rwdata_end, ABSOLUTE (.))
                0x00004be8                PROVIDE (__flash_rwdata_start, LOADADDR (.rwdata))

.bss            0x00004c88       0x10
                0x00004c88                __bss_start = ABSOLUTE (.)
                0x00004c88                PROVIDE (__sbss_start, ABSOLUTE (.))
                0x00004c88                PROVIDE (___sbss_start, ABSOLUTE (.))
 *(.dynsbss)
 *(.sbss .sbss.* .gnu.linkonce.sb.*)
 .sbss          0x00004c88        0xc ../experiment3a_bsp//libhal_bsp.a(alt_main.o)
                0x00004c88                alt_argc
                0x00004c8c                alt_argv
                0x00004c90                alt_envp
 .sbss          0x00004c94        0x4 /tools/altera/12.0/nios2eds/bin/gnu/H-i686-pc-linux-gnu/bin/../lib/gcc/nios2-elf/4.1.2/../../../../nios2-elf/lib/mno-hw-mul/libsmallc.a(lib_a-int_errno.o)
                0x00004c94                errno
 *(.sbss2 .sbss2.* .gnu.linkonce.sb2.*)
 *(.scommon)
                0x00004c98                PROVIDE (__sbss_end, ABSOLUTE (.))
                0x00004c98                PROVIDE (___sbss_end, ABSOLUTE (.))
 *(.dynbss)
 *(.bss .bss.* .gnu.linkonce.b.*)
 .bss           0x00004c98        0x0 ../experiment3a_bsp//obj/HAL/src/crt0.o
 .bss           0x00004c98        0x0 obj/default/experiment3a.o
 .bss           0x00004c98        0x0 ../experiment3a_bsp//libhal_bsp.a(alt_load.o)
 .bss           0x00004c98        0x0 ../experiment3a_bsp//libhal_bsp.a(alt_main.o)
 .bss           0x00004c98        0x0 ../experiment3a_bsp//libhal_bsp.a(alt_printf.o)
 .bss           0x00004c98        0x0 ../experiment3a_bsp//libhal_bsp.a(alt_putchar.o)
 .bss           0x00004c98        0x0 ../experiment3a_bsp//libhal_bsp.a(alt_sys_init.o)
 .bss           0x00004c98        0x0 ../experiment3a_bsp//libhal_bsp.a(altera_avalon_jtag_uart_write.o)
 .bss           0x00004c98        0x0 ../experiment3a_bsp//libhal_bsp.a(altera_up_avalon_character_lcd.o)
 .bss           0x00004c98        0x0 ../experiment3a_bsp//libhal_bsp.a(alt_dcache_flush_all.o)
 .bss           0x00004c98        0x0 ../experiment3a_bsp//libhal_bsp.a(alt_dev.o)
 .bss           0x00004c98        0x0 ../experiment3a_bsp//libhal_bsp.a(alt_dev_llist_insert.o)
 .bss           0x00004c98        0x0 ../experiment3a_bsp//libhal_bsp.a(alt_errno.o)
 .bss           0x00004c98        0x0 ../experiment3a_bsp//libhal_bsp.a(alt_find_dev.o)
 .bss           0x00004c98        0x0 ../experiment3a_bsp//libhal_bsp.a(alt_icache_flush_all.o)
 .bss           0x00004c98        0x0 ../experiment3a_bsp//libhal_bsp.a(altera_nios2_qsys_irq.o)
 .bss           0x00004c98        0x0 /tools/altera/12.0/nios2eds/bin/gnu/H-i686-pc-linux-gnu/bin/../lib/gcc/nios2-elf/4.1.2/../../../../nios2-elf/lib/mno-hw-mul/libsmallc.a(lib_a-int_errno.o)
 .bss           0x00004c98        0x0 /tools/altera/12.0/nios2eds/bin/gnu/H-i686-pc-linux-gnu/bin/../lib/gcc/nios2-elf/4.1.2/../../../../nios2-elf/lib/mno-hw-mul/libsmallc.a(lib_a-memcmp.o)
 .bss           0x00004c98        0x0 /tools/altera/12.0/nios2eds/bin/gnu/H-i686-pc-linux-gnu/bin/../lib/gcc/nios2-elf/4.1.2/../../../../nios2-elf/lib/mno-hw-mul/libsmallc.a(lib_a-strlen.o)
 *(COMMON)
                0x00004c98                . = ALIGN (0x4)
                0x00004c98                __bss_end = ABSOLUTE (.)

.onchip_memory2_0
                0x00004c98        0x0
                0x00004c98                PROVIDE (_alt_partition_onchip_memory2_0_start, ABSOLUTE (.))
 *(.onchip_memory2_0. onchip_memory2_0.*)
                0x00004c98                . = ALIGN (0x4)
                0x00004c98                PROVIDE (_alt_partition_onchip_memory2_0_end, ABSOLUTE (.))
                0x00004c98                _end = ABSOLUTE (.)
                0x00004c98                end = ABSOLUTE (.)
                0x00004c98                __alt_stack_base = ABSOLUTE (.)
                0x00004c98                PROVIDE (_alt_partition_onchip_memory2_0_load_addr, LOADADDR (.onchip_memory2_0))

.stab
 *(.stab)

.stabstr
 *(.stabstr)

.stab.excl
 *(.stab.excl)

.stab.exclstr
 *(.stab.exclstr)

.stab.index
 *(.stab.index)

.stab.indexstr
 *(.stab.indexstr)

.comment        0x00000000       0x23
 *(.comment)
 .comment       0x00000000       0x23 obj/default/experiment3a.o
                                 0x24 (size before relaxing)
 .comment       0x00000000       0x24 ../experiment3a_bsp//libhal_bsp.a(alt_load.o)
 .comment       0x00000000       0x24 ../experiment3a_bsp//libhal_bsp.a(alt_main.o)
 .comment       0x00000000       0x24 ../experiment3a_bsp//libhal_bsp.a(alt_printf.o)
 .comment       0x00000000       0x24 ../experiment3a_bsp//libhal_bsp.a(alt_putchar.o)
 .comment       0x00000000       0x24 ../experiment3a_bsp//libhal_bsp.a(alt_sys_init.o)
 .comment       0x00000000       0x24 ../experiment3a_bsp//libhal_bsp.a(altera_avalon_jtag_uart_write.o)
 .comment       0x00000000       0x24 ../experiment3a_bsp//libhal_bsp.a(altera_up_avalon_character_lcd.o)
 .comment       0x00000000       0x24 ../experiment3a_bsp//libhal_bsp.a(alt_dcache_flush_all.o)
 .comment       0x00000000       0x24 ../experiment3a_bsp//libhal_bsp.a(alt_dev.o)
 .comment       0x00000000       0x24 ../experiment3a_bsp//libhal_bsp.a(alt_dev_llist_insert.o)
 .comment       0x00000000       0x24 ../experiment3a_bsp//libhal_bsp.a(alt_errno.o)
 .comment       0x00000000       0x24 ../experiment3a_bsp//libhal_bsp.a(alt_find_dev.o)
 .comment       0x00000000       0x24 ../experiment3a_bsp//libhal_bsp.a(alt_icache_flush_all.o)
 .comment       0x00000000       0x24 ../experiment3a_bsp//libhal_bsp.a(altera_nios2_qsys_irq.o)
 .comment       0x00000000       0x24 /tools/altera/12.0/nios2eds/bin/gnu/H-i686-pc-linux-gnu/bin/../lib/gcc/nios2-elf/4.1.2/../../../../nios2-elf/lib/mno-hw-mul/libsmallc.a(lib_a-int_errno.o)
 .comment       0x00000000       0x24 /tools/altera/12.0/nios2eds/bin/gnu/H-i686-pc-linux-gnu/bin/../lib/gcc/nios2-elf/4.1.2/../../../../nios2-elf/lib/mno-hw-mul/libsmallc.a(lib_a-memcmp.o)
 .comment       0x00000000       0x24 /tools/altera/12.0/nios2eds/bin/gnu/H-i686-pc-linux-gnu/bin/../lib/gcc/nios2-elf/4.1.2/../../../../nios2-elf/lib/mno-hw-mul/libsmallc.a(lib_a-strlen.o)

.debug
 *(.debug)

.line
 *(.line)

.debug_srcinfo
 *(.debug_srcinfo)

.debug_sfnames
 *(.debug_sfnames)

.debug_aranges  0x00000000      0x228
 *(.debug_aranges)
 .debug_aranges
                0x00000000       0x28 ../experiment3a_bsp//obj/HAL/src/crt0.o
 .debug_aranges
                0x00000028       0x20 obj/default/experiment3a.o
 .debug_aranges
                0x00000048       0x20 ../experiment3a_bsp//libhal_bsp.a(alt_load.o)
 .debug_aranges
                0x00000068       0x20 ../experiment3a_bsp//libhal_bsp.a(alt_main.o)
 .debug_aranges
                0x00000088       0x20 ../experiment3a_bsp//libhal_bsp.a(alt_printf.o)
 .debug_aranges
                0x000000a8       0x20 ../experiment3a_bsp//libhal_bsp.a(alt_putchar.o)
 .debug_aranges
                0x000000c8       0x20 ../experiment3a_bsp//libhal_bsp.a(alt_sys_init.o)
 .debug_aranges
                0x000000e8       0x20 ../experiment3a_bsp//libhal_bsp.a(altera_avalon_jtag_uart_write.o)
 .debug_aranges
                0x00000108       0x20 ../experiment3a_bsp//libhal_bsp.a(altera_up_avalon_character_lcd.o)
 .debug_aranges
                0x00000128       0x20 ../experiment3a_bsp//libhal_bsp.a(alt_dcache_flush_all.o)
 .debug_aranges
                0x00000148       0x20 ../experiment3a_bsp//libhal_bsp.a(alt_dev.o)
 .debug_aranges
                0x00000168       0x20 ../experiment3a_bsp//libhal_bsp.a(alt_dev_llist_insert.o)
 .debug_aranges
                0x00000188       0x20 ../experiment3a_bsp//libhal_bsp.a(alt_find_dev.o)
 .debug_aranges
                0x000001a8       0x20 ../experiment3a_bsp//libhal_bsp.a(alt_icache_flush_all.o)
 .debug_aranges
                0x000001c8       0x20 ../experiment3a_bsp//libhal_bsp.a(altera_nios2_qsys_irq.o)
 .debug_aranges
                0x000001e8       0x20 /tools/altera/12.0/nios2eds/bin/gnu/H-i686-pc-linux-gnu/bin/../lib/gcc/nios2-elf/4.1.2/../../../../nios2-elf/lib/mno-hw-mul/libsmallc.a(lib_a-memcmp.o)
 .debug_aranges
                0x00000208       0x20 /tools/altera/12.0/nios2eds/bin/gnu/H-i686-pc-linux-gnu/bin/../lib/gcc/nios2-elf/4.1.2/../../../../nios2-elf/lib/mno-hw-mul/libsmallc.a(lib_a-strlen.o)

.debug_pubnames
                0x00000000      0x4c9
 *(.debug_pubnames)
 .debug_pubnames
                0x00000000       0x2e obj/default/experiment3a.o
 .debug_pubnames
                0x0000002e       0x1f ../experiment3a_bsp//libhal_bsp.a(alt_load.o)
 .debug_pubnames
                0x0000004d       0x46 ../experiment3a_bsp//libhal_bsp.a(alt_main.o)
 .debug_pubnames
                0x00000093       0x21 ../experiment3a_bsp//libhal_bsp.a(alt_printf.o)
 .debug_pubnames
                0x000000b4       0x22 ../experiment3a_bsp//libhal_bsp.a(alt_putchar.o)
 .debug_pubnames
                0x000000d6       0x44 ../experiment3a_bsp//libhal_bsp.a(alt_sys_init.o)
 .debug_pubnames
                0x0000011a       0x34 ../experiment3a_bsp//libhal_bsp.a(altera_avalon_jtag_uart_write.o)
 .debug_pubnames
                0x0000014e      0x1cd ../experiment3a_bsp//libhal_bsp.a(altera_up_avalon_character_lcd.o)
 .debug_pubnames
                0x0000031b       0x2b ../experiment3a_bsp//libhal_bsp.a(alt_dcache_flush_all.o)
 .debug_pubnames
                0x00000346       0x63 ../experiment3a_bsp//libhal_bsp.a(alt_dev.o)
 .debug_pubnames
                0x000003a9       0x2b ../experiment3a_bsp//libhal_bsp.a(alt_dev_llist_insert.o)
 .debug_pubnames
                0x000003d4       0x20 ../experiment3a_bsp//libhal_bsp.a(alt_errno.o)
 .debug_pubnames
                0x000003f4       0x23 ../experiment3a_bsp//libhal_bsp.a(alt_find_dev.o)
 .debug_pubnames
                0x00000417       0x2b ../experiment3a_bsp//libhal_bsp.a(alt_icache_flush_all.o)
 .debug_pubnames
                0x00000442       0x31 ../experiment3a_bsp//libhal_bsp.a(altera_nios2_qsys_irq.o)
 .debug_pubnames
                0x00000473       0x1c /tools/altera/12.0/nios2eds/bin/gnu/H-i686-pc-linux-gnu/bin/../lib/gcc/nios2-elf/4.1.2/../../../../nios2-elf/lib/mno-hw-mul/libsmallc.a(lib_a-int_errno.o)
 .debug_pubnames
                0x0000048f       0x1d /tools/altera/12.0/nios2eds/bin/gnu/H-i686-pc-linux-gnu/bin/../lib/gcc/nios2-elf/4.1.2/../../../../nios2-elf/lib/mno-hw-mul/libsmallc.a(lib_a-memcmp.o)
 .debug_pubnames
                0x000004ac       0x1d /tools/altera/12.0/nios2eds/bin/gnu/H-i686-pc-linux-gnu/bin/../lib/gcc/nios2-elf/4.1.2/../../../../nios2-elf/lib/mno-hw-mul/libsmallc.a(lib_a-strlen.o)

.debug_info     0x00000000     0x2282
 *(.debug_info .gnu.linkonce.wi.*)
 .debug_info    0x00000000       0x84 ../experiment3a_bsp//obj/HAL/src/crt0.o
 .debug_info    0x00000084      0x3d9 obj/default/experiment3a.o
 .debug_info    0x0000045d      0x12e ../experiment3a_bsp//libhal_bsp.a(alt_load.o)
 .debug_info    0x0000058b      0x125 ../experiment3a_bsp//libhal_bsp.a(alt_main.o)
 .debug_info    0x000006b0      0x11d ../experiment3a_bsp//libhal_bsp.a(alt_printf.o)
 .debug_info    0x000007cd       0xc5 ../experiment3a_bsp//libhal_bsp.a(alt_putchar.o)
 .debug_info    0x00000892      0x3e1 ../experiment3a_bsp//libhal_bsp.a(alt_sys_init.o)
 .debug_info    0x00000c73      0x18f ../experiment3a_bsp//libhal_bsp.a(altera_avalon_jtag_uart_write.o)
 .debug_info    0x00000e02      0x64d ../experiment3a_bsp//libhal_bsp.a(altera_up_avalon_character_lcd.o)
 .debug_info    0x0000144f       0x8d ../experiment3a_bsp//libhal_bsp.a(alt_dcache_flush_all.o)
 .debug_info    0x000014dc      0x4dd ../experiment3a_bsp//libhal_bsp.a(alt_dev.o)
 .debug_info    0x000019b9      0x1b7 ../experiment3a_bsp//libhal_bsp.a(alt_dev_llist_insert.o)
 .debug_info    0x00001b70       0xab ../experiment3a_bsp//libhal_bsp.a(alt_errno.o)
 .debug_info    0x00001c1b      0x310 ../experiment3a_bsp//libhal_bsp.a(alt_find_dev.o)
 .debug_info    0x00001f2b       0x8d ../experiment3a_bsp//libhal_bsp.a(alt_icache_flush_all.o)
 .debug_info    0x00001fb8       0x8d ../experiment3a_bsp//libhal_bsp.a(altera_nios2_qsys_irq.o)
 .debug_info    0x00002045       0x8c /tools/altera/12.0/nios2eds/bin/gnu/H-i686-pc-linux-gnu/bin/../lib/gcc/nios2-elf/4.1.2/../../../../nios2-elf/lib/mno-hw-mul/libsmallc.a(lib_a-int_errno.o)
 .debug_info    0x000020d1       0xef /tools/altera/12.0/nios2eds/bin/gnu/H-i686-pc-linux-gnu/bin/../lib/gcc/nios2-elf/4.1.2/../../../../nios2-elf/lib/mno-hw-mul/libsmallc.a(lib_a-memcmp.o)
 .debug_info    0x000021c0       0xc2 /tools/altera/12.0/nios2eds/bin/gnu/H-i686-pc-linux-gnu/bin/../lib/gcc/nios2-elf/4.1.2/../../../../nios2-elf/lib/mno-hw-mul/libsmallc.a(lib_a-strlen.o)

.debug_abbrev   0x00000000      0xcd0
 *(.debug_abbrev)
 .debug_abbrev  0x00000000       0x12 ../experiment3a_bsp//obj/HAL/src/crt0.o
 .debug_abbrev  0x00000012      0x15e obj/default/experiment3a.o
 .debug_abbrev  0x00000170       0x97 ../experiment3a_bsp//libhal_bsp.a(alt_load.o)
 .debug_abbrev  0x00000207       0xa6 ../experiment3a_bsp//libhal_bsp.a(alt_main.o)
 .debug_abbrev  0x000002ad       0xc7 ../experiment3a_bsp//libhal_bsp.a(alt_printf.o)
 .debug_abbrev  0x00000374       0x7b ../experiment3a_bsp//libhal_bsp.a(alt_putchar.o)
 .debug_abbrev  0x000003ef      0x149 ../experiment3a_bsp//libhal_bsp.a(alt_sys_init.o)
 .debug_abbrev  0x00000538       0xf0 ../experiment3a_bsp//libhal_bsp.a(altera_avalon_jtag_uart_write.o)
 .debug_abbrev  0x00000628      0x182 ../experiment3a_bsp//libhal_bsp.a(altera_up_avalon_character_lcd.o)
 .debug_abbrev  0x000007aa       0x3f ../experiment3a_bsp//libhal_bsp.a(alt_dcache_flush_all.o)
 .debug_abbrev  0x000007e9       0xd6 ../experiment3a_bsp//libhal_bsp.a(alt_dev.o)
 .debug_abbrev  0x000008bf      0x117 ../experiment3a_bsp//libhal_bsp.a(alt_dev_llist_insert.o)
 .debug_abbrev  0x000009d6       0x5e ../experiment3a_bsp//libhal_bsp.a(alt_errno.o)
 .debug_abbrev  0x00000a34       0xed ../experiment3a_bsp//libhal_bsp.a(alt_find_dev.o)
 .debug_abbrev  0x00000b21       0x3f ../experiment3a_bsp//libhal_bsp.a(alt_icache_flush_all.o)
 .debug_abbrev  0x00000b60       0x3f ../experiment3a_bsp//libhal_bsp.a(altera_nios2_qsys_irq.o)
 .debug_abbrev  0x00000b9f       0x3b /tools/altera/12.0/nios2eds/bin/gnu/H-i686-pc-linux-gnu/bin/../lib/gcc/nios2-elf/4.1.2/../../../../nios2-elf/lib/mno-hw-mul/libsmallc.a(lib_a-int_errno.o)
 .debug_abbrev  0x00000bda       0x7c /tools/altera/12.0/nios2eds/bin/gnu/H-i686-pc-linux-gnu/bin/../lib/gcc/nios2-elf/4.1.2/../../../../nios2-elf/lib/mno-hw-mul/libsmallc.a(lib_a-memcmp.o)
 .debug_abbrev  0x00000c56       0x7a /tools/altera/12.0/nios2eds/bin/gnu/H-i686-pc-linux-gnu/bin/../lib/gcc/nios2-elf/4.1.2/../../../../nios2-elf/lib/mno-hw-mul/libsmallc.a(lib_a-strlen.o)

.debug_line     0x00000000     0x2c14
 *(.debug_line)
 .debug_line    0x00000000       0x66 ../experiment3a_bsp//obj/HAL/src/crt0.o
 .debug_line    0x00000066      0x31c obj/default/experiment3a.o
 .debug_line    0x00000382      0x223 ../experiment3a_bsp//libhal_bsp.a(alt_load.o)
 .debug_line    0x000005a5      0x2ce ../experiment3a_bsp//libhal_bsp.a(alt_main.o)
 .debug_line    0x00000873      0x1f8 ../experiment3a_bsp//libhal_bsp.a(alt_printf.o)
 .debug_line    0x00000a6b      0x1fe ../experiment3a_bsp//libhal_bsp.a(alt_putchar.o)
 .debug_line    0x00000c69      0x2e8 ../experiment3a_bsp//libhal_bsp.a(alt_sys_init.o)
 .debug_line    0x00000f51      0x300 ../experiment3a_bsp//libhal_bsp.a(altera_avalon_jtag_uart_write.o)
 .debug_line    0x00001251      0x4fa ../experiment3a_bsp//libhal_bsp.a(altera_up_avalon_character_lcd.o)
 .debug_line    0x0000174b      0x1c1 ../experiment3a_bsp//libhal_bsp.a(alt_dcache_flush_all.o)
 .debug_line    0x0000190c      0x258 ../experiment3a_bsp//libhal_bsp.a(alt_dev.o)
 .debug_line    0x00001b64      0x268 ../experiment3a_bsp//libhal_bsp.a(alt_dev_llist_insert.o)
 .debug_line    0x00001dcc      0x1b6 ../experiment3a_bsp//libhal_bsp.a(alt_errno.o)
 .debug_line    0x00001f82      0x26d ../experiment3a_bsp//libhal_bsp.a(alt_find_dev.o)
 .debug_line    0x000021ef      0x1c1 ../experiment3a_bsp//libhal_bsp.a(alt_icache_flush_all.o)
 .debug_line    0x000023b0      0x1da ../experiment3a_bsp//libhal_bsp.a(altera_nios2_qsys_irq.o)
 .debug_line    0x0000258a      0x1dc /tools/altera/12.0/nios2eds/bin/gnu/H-i686-pc-linux-gnu/bin/../lib/gcc/nios2-elf/4.1.2/../../../../nios2-elf/lib/mno-hw-mul/libsmallc.a(lib_a-int_errno.o)
 .debug_line    0x00002766      0x267 /tools/altera/12.0/nios2eds/bin/gnu/H-i686-pc-linux-gnu/bin/../lib/gcc/nios2-elf/4.1.2/../../../../nios2-elf/lib/mno-hw-mul/libsmallc.a(lib_a-memcmp.o)
 .debug_line    0x000029cd      0x247 /tools/altera/12.0/nios2eds/bin/gnu/H-i686-pc-linux-gnu/bin/../lib/gcc/nios2-elf/4.1.2/../../../../nios2-elf/lib/mno-hw-mul/libsmallc.a(lib_a-strlen.o)

.debug_frame    0x00000000      0x37c
 *(.debug_frame)
 .debug_frame   0x00000000       0x38 obj/default/experiment3a.o
 .debug_frame   0x00000038       0x38 ../experiment3a_bsp//libhal_bsp.a(alt_load.o)
 .debug_frame   0x00000070       0x28 ../experiment3a_bsp//libhal_bsp.a(alt_main.o)
 .debug_frame   0x00000098       0x2c ../experiment3a_bsp//libhal_bsp.a(alt_printf.o)
 .debug_frame   0x000000c4       0x2c ../experiment3a_bsp//libhal_bsp.a(alt_putchar.o)
 .debug_frame   0x000000f0       0x44 ../experiment3a_bsp//libhal_bsp.a(alt_sys_init.o)
 .debug_frame   0x00000134       0x20 ../experiment3a_bsp//libhal_bsp.a(altera_avalon_jtag_uart_write.o)
 .debug_frame   0x00000154      0x110 ../experiment3a_bsp//libhal_bsp.a(altera_up_avalon_character_lcd.o)
 .debug_frame   0x00000264       0x20 ../experiment3a_bsp//libhal_bsp.a(alt_dcache_flush_all.o)
 .debug_frame   0x00000284       0x20 ../experiment3a_bsp//libhal_bsp.a(alt_dev.o)
 .debug_frame   0x000002a4       0x28 ../experiment3a_bsp//libhal_bsp.a(alt_dev_llist_insert.o)
 .debug_frame   0x000002cc       0x30 ../experiment3a_bsp//libhal_bsp.a(alt_find_dev.o)
 .debug_frame   0x000002fc       0x20 ../experiment3a_bsp//libhal_bsp.a(alt_icache_flush_all.o)
 .debug_frame   0x0000031c       0x20 ../experiment3a_bsp//libhal_bsp.a(altera_nios2_qsys_irq.o)
 .debug_frame   0x0000033c       0x20 /tools/altera/12.0/nios2eds/bin/gnu/H-i686-pc-linux-gnu/bin/../lib/gcc/nios2-elf/4.1.2/../../../../nios2-elf/lib/mno-hw-mul/libsmallc.a(lib_a-memcmp.o)
 .debug_frame   0x0000035c       0x20 /tools/altera/12.0/nios2eds/bin/gnu/H-i686-pc-linux-gnu/bin/../lib/gcc/nios2-elf/4.1.2/../../../../nios2-elf/lib/mno-hw-mul/libsmallc.a(lib_a-strlen.o)

.debug_str      0x00000000      0xb07
 *(.debug_str)
 .debug_str     0x00000000      0x1b2 obj/default/experiment3a.o
                                0x207 (size before relaxing)
 .debug_str     0x000001b2      0x13c ../experiment3a_bsp//libhal_bsp.a(alt_load.o)
                                0x1d9 (size before relaxing)
 .debug_str     0x000002ee       0x44 ../experiment3a_bsp//libhal_bsp.a(alt_main.o)
                                0x15d (size before relaxing)
 .debug_str     0x00000332       0x46 ../experiment3a_bsp//libhal_bsp.a(alt_printf.o)
                                 0xc4 (size before relaxing)
 .debug_str     0x00000378       0x4e ../experiment3a_bsp//libhal_bsp.a(alt_putchar.o)
                                0x136 (size before relaxing)
 .debug_str     0x000003c6       0x81 ../experiment3a_bsp//libhal_bsp.a(alt_sys_init.o)
                                0x276 (size before relaxing)
 .debug_str     0x00000447       0x50 ../experiment3a_bsp//libhal_bsp.a(altera_avalon_jtag_uart_write.o)
                                0x1d5 (size before relaxing)
 .debug_str     0x00000497      0x1ea ../experiment3a_bsp//libhal_bsp.a(altera_up_avalon_character_lcd.o)
                                0x3b8 (size before relaxing)
 .debug_str     0x00000681       0x34 ../experiment3a_bsp//libhal_bsp.a(alt_dcache_flush_all.o)
                                0x11c (size before relaxing)
 .debug_str     0x000006b5      0x12c ../experiment3a_bsp//libhal_bsp.a(alt_dev.o)
                                0x2cc (size before relaxing)
 .debug_str     0x000007e1       0x71 ../experiment3a_bsp//libhal_bsp.a(alt_dev_llist_insert.o)
                                0x193 (size before relaxing)
 .debug_str     0x00000852       0x14 ../experiment3a_bsp//libhal_bsp.a(alt_errno.o)
                                0x10c (size before relaxing)
 .debug_str     0x00000866       0x24 ../experiment3a_bsp//libhal_bsp.a(alt_find_dev.o)
                                0x1b3 (size before relaxing)
 .debug_str     0x0000088a       0x34 ../experiment3a_bsp//libhal_bsp.a(alt_icache_flush_all.o)
                                0x11c (size before relaxing)
 .debug_str     0x000008be       0x3b ../experiment3a_bsp//libhal_bsp.a(altera_nios2_qsys_irq.o)
                                0x123 (size before relaxing)
 .debug_str     0x000008f9       0xde /tools/altera/12.0/nios2eds/bin/gnu/H-i686-pc-linux-gnu/bin/../lib/gcc/nios2-elf/4.1.2/../../../../nios2-elf/lib/mno-hw-mul/libsmallc.a(lib_a-int_errno.o)
                                0x179 (size before relaxing)
 .debug_str     0x000009d7       0xeb /tools/altera/12.0/nios2eds/bin/gnu/H-i686-pc-linux-gnu/bin/../lib/gcc/nios2-elf/4.1.2/../../../../nios2-elf/lib/mno-hw-mul/libsmallc.a(lib_a-memcmp.o)
                                0x180 (size before relaxing)
 .debug_str     0x00000ac2       0x45 /tools/altera/12.0/nios2eds/bin/gnu/H-i686-pc-linux-gnu/bin/../lib/gcc/nios2-elf/4.1.2/../../../../nios2-elf/lib/mno-hw-mul/libsmallc.a(lib_a-strlen.o)
                                0x186 (size before relaxing)

.debug_loc      0x00000000      0x853
 *(.debug_loc)
 .debug_loc     0x00000000       0x48 obj/default/experiment3a.o
 .debug_loc     0x00000048       0x1f ../experiment3a_bsp//libhal_bsp.a(alt_load.o)
 .debug_loc     0x00000067       0x1f ../experiment3a_bsp//libhal_bsp.a(alt_main.o)
 .debug_loc     0x00000086      0x175 ../experiment3a_bsp//libhal_bsp.a(alt_printf.o)
 .debug_loc     0x000001fb       0x3d ../experiment3a_bsp//libhal_bsp.a(alt_putchar.o)
 .debug_loc     0x00000238       0x51 ../experiment3a_bsp//libhal_bsp.a(alt_sys_init.o)
 .debug_loc     0x00000289       0x26 ../experiment3a_bsp//libhal_bsp.a(altera_avalon_jtag_uart_write.o)
 .debug_loc     0x000002af      0x3cc ../experiment3a_bsp//libhal_bsp.a(altera_up_avalon_character_lcd.o)
 .debug_loc     0x0000067b       0x5b ../experiment3a_bsp//libhal_bsp.a(alt_dev_llist_insert.o)
 .debug_loc     0x000006d6       0xef ../experiment3a_bsp//libhal_bsp.a(alt_find_dev.o)
 .debug_loc     0x000007c5       0x70 /tools/altera/12.0/nios2eds/bin/gnu/H-i686-pc-linux-gnu/bin/../lib/gcc/nios2-elf/4.1.2/../../../../nios2-elf/lib/mno-hw-mul/libsmallc.a(lib_a-memcmp.o)
 .debug_loc     0x00000835       0x1e /tools/altera/12.0/nios2eds/bin/gnu/H-i686-pc-linux-gnu/bin/../lib/gcc/nios2-elf/4.1.2/../../../../nios2-elf/lib/mno-hw-mul/libsmallc.a(lib_a-strlen.o)

.debug_macinfo
 *(.debug_macinfo)

.debug_weaknames
 *(.debug_weaknames)

.debug_funcnames
 *(.debug_funcnames)

.debug_typenames
 *(.debug_typenames)

.debug_varnames
 *(.debug_varnames)

.debug_alt_sim_info
                0x00000000       0x10
 *(.debug_alt_sim_info)
 .debug_alt_sim_info
                0x00000000       0x10 ../experiment3a_bsp//obj/HAL/src/crt0.o
                0x00008000                __alt_data_end = 0x8000
                0x00008000                PROVIDE (__alt_stack_pointer, __alt_data_end)
                0x00004c98                PROVIDE (__alt_stack_limit, __alt_stack_base)
                0x00004c98                PROVIDE (__alt_heap_start, end)
                0x00008000                PROVIDE (__alt_heap_limit, 0x8000)
OUTPUT(experiment3a.elf elf32-littlenios2)

.debug_ranges   0x00000000       0x50
 .debug_ranges  0x00000000       0x20 ../experiment3a_bsp//obj/HAL/src/crt0.o
 .debug_ranges  0x00000020       0x18 ../experiment3a_bsp//libhal_bsp.a(alt_sys_init.o)
 .debug_ranges  0x00000038       0x18 ../experiment3a_bsp//libhal_bsp.a(alt_dev_llist_insert.o)
